Archive member included to satisfy reference by file (symbol)

/opt/st/stm32cubeide_1.17.0/plugins/com.st.stm32cube.ide.mcu.externaltools.gnu-tools-for-stm32.12.3.rel1.linux64_1.1.0.202410170702/tools/bin/../lib/gcc/arm-none-eabi/12.3.1/../../../../arm-none-eabi/lib/thumb/v7e-m+fp/hard/libc_nano.a(libc_a-exit.o)
                              /opt/st/stm32cubeide_1.17.0/plugins/com.st.stm32cube.ide.mcu.externaltools.gnu-tools-for-stm32.12.3.rel1.linux64_1.1.0.202410170702/tools/bin/../lib/gcc/arm-none-eabi/12.3.1/../../../../arm-none-eabi/lib/thumb/v7e-m+fp/hard/crt0.o (exit)
/opt/st/stm32cubeide_1.17.0/plugins/com.st.stm32cube.ide.mcu.externaltools.gnu-tools-for-stm32.12.3.rel1.linux64_1.1.0.202410170702/tools/bin/../lib/gcc/arm-none-eabi/12.3.1/../../../../arm-none-eabi/lib/thumb/v7e-m+fp/hard/libc_nano.a(libc_a-findfp.o)
                              /opt/st/stm32cubeide_1.17.0/plugins/com.st.stm32cube.ide.mcu.externaltools.gnu-tools-for-stm32.12.3.rel1.linux64_1.1.0.202410170702/tools/bin/../lib/gcc/arm-none-eabi/12.3.1/../../../../arm-none-eabi/lib/thumb/v7e-m+fp/hard/libc_nano.a(libc_a-exit.o) (__stdio_exit_handler)
/opt/st/stm32cubeide_1.17.0/plugins/com.st.stm32cube.ide.mcu.externaltools.gnu-tools-for-stm32.12.3.rel1.linux64_1.1.0.202410170702/tools/bin/../lib/gcc/arm-none-eabi/12.3.1/../../../../arm-none-eabi/lib/thumb/v7e-m+fp/hard/libc_nano.a(libc_a-fwalk.o)
                              /opt/st/stm32cubeide_1.17.0/plugins/com.st.stm32cube.ide.mcu.externaltools.gnu-tools-for-stm32.12.3.rel1.linux64_1.1.0.202410170702/tools/bin/../lib/gcc/arm-none-eabi/12.3.1/../../../../arm-none-eabi/lib/thumb/v7e-m+fp/hard/libc_nano.a(libc_a-findfp.o) (_fwalk_sglue)
/opt/st/stm32cubeide_1.17.0/plugins/com.st.stm32cube.ide.mcu.externaltools.gnu-tools-for-stm32.12.3.rel1.linux64_1.1.0.202410170702/tools/bin/../lib/gcc/arm-none-eabi/12.3.1/../../../../arm-none-eabi/lib/thumb/v7e-m+fp/hard/libc_nano.a(libc_a-stdio.o)
                              /opt/st/stm32cubeide_1.17.0/plugins/com.st.stm32cube.ide.mcu.externaltools.gnu-tools-for-stm32.12.3.rel1.linux64_1.1.0.202410170702/tools/bin/../lib/gcc/arm-none-eabi/12.3.1/../../../../arm-none-eabi/lib/thumb/v7e-m+fp/hard/libc_nano.a(libc_a-findfp.o) (__sread)
/opt/st/stm32cubeide_1.17.0/plugins/com.st.stm32cube.ide.mcu.externaltools.gnu-tools-for-stm32.12.3.rel1.linux64_1.1.0.202410170702/tools/bin/../lib/gcc/arm-none-eabi/12.3.1/../../../../arm-none-eabi/lib/thumb/v7e-m+fp/hard/libc_nano.a(libc_a-memset.o)
                              /opt/st/stm32cubeide_1.17.0/plugins/com.st.stm32cube.ide.mcu.externaltools.gnu-tools-for-stm32.12.3.rel1.linux64_1.1.0.202410170702/tools/bin/../lib/gcc/arm-none-eabi/12.3.1/../../../../arm-none-eabi/lib/thumb/v7e-m+fp/hard/crt0.o (memset)
/opt/st/stm32cubeide_1.17.0/plugins/com.st.stm32cube.ide.mcu.externaltools.gnu-tools-for-stm32.12.3.rel1.linux64_1.1.0.202410170702/tools/bin/../lib/gcc/arm-none-eabi/12.3.1/../../../../arm-none-eabi/lib/thumb/v7e-m+fp/hard/libc_nano.a(libc_a-closer.o)
                              /opt/st/stm32cubeide_1.17.0/plugins/com.st.stm32cube.ide.mcu.externaltools.gnu-tools-for-stm32.12.3.rel1.linux64_1.1.0.202410170702/tools/bin/../lib/gcc/arm-none-eabi/12.3.1/../../../../arm-none-eabi/lib/thumb/v7e-m+fp/hard/libc_nano.a(libc_a-stdio.o) (_close_r)
/opt/st/stm32cubeide_1.17.0/plugins/com.st.stm32cube.ide.mcu.externaltools.gnu-tools-for-stm32.12.3.rel1.linux64_1.1.0.202410170702/tools/bin/../lib/gcc/arm-none-eabi/12.3.1/../../../../arm-none-eabi/lib/thumb/v7e-m+fp/hard/libc_nano.a(libc_a-reent.o)
                              /opt/st/stm32cubeide_1.17.0/plugins/com.st.stm32cube.ide.mcu.externaltools.gnu-tools-for-stm32.12.3.rel1.linux64_1.1.0.202410170702/tools/bin/../lib/gcc/arm-none-eabi/12.3.1/../../../../arm-none-eabi/lib/thumb/v7e-m+fp/hard/libc_nano.a(libc_a-closer.o) (errno)
/opt/st/stm32cubeide_1.17.0/plugins/com.st.stm32cube.ide.mcu.externaltools.gnu-tools-for-stm32.12.3.rel1.linux64_1.1.0.202410170702/tools/bin/../lib/gcc/arm-none-eabi/12.3.1/../../../../arm-none-eabi/lib/thumb/v7e-m+fp/hard/libc_nano.a(libc_a-impure.o)
                              /opt/st/stm32cubeide_1.17.0/plugins/com.st.stm32cube.ide.mcu.externaltools.gnu-tools-for-stm32.12.3.rel1.linux64_1.1.0.202410170702/tools/bin/../lib/gcc/arm-none-eabi/12.3.1/../../../../arm-none-eabi/lib/thumb/v7e-m+fp/hard/libc_nano.a(libc_a-reent.o) (_impure_ptr)
/opt/st/stm32cubeide_1.17.0/plugins/com.st.stm32cube.ide.mcu.externaltools.gnu-tools-for-stm32.12.3.rel1.linux64_1.1.0.202410170702/tools/bin/../lib/gcc/arm-none-eabi/12.3.1/../../../../arm-none-eabi/lib/thumb/v7e-m+fp/hard/libc_nano.a(libc_a-lseekr.o)
                              /opt/st/stm32cubeide_1.17.0/plugins/com.st.stm32cube.ide.mcu.externaltools.gnu-tools-for-stm32.12.3.rel1.linux64_1.1.0.202410170702/tools/bin/../lib/gcc/arm-none-eabi/12.3.1/../../../../arm-none-eabi/lib/thumb/v7e-m+fp/hard/libc_nano.a(libc_a-stdio.o) (_lseek_r)
[...]
Memory Configuration

Name             Origin             Length             Attributes
RAM              0x20000000         0x00018000         xrw
RAM2             0x10000000         0x00008000         xrw
FLASH            0x08000000         0x00100000         xr
*default*        0x00000000         0xffffffff

Linker script and memory map

LOAD /opt/st/stm32cubeide_1.17.0/plugins/com.st.stm32cube.ide.mcu.externaltools.gnu-tools-for-stm32.12.3.rel1.linux64_1.1.0.202410170702/tools/bin/../lib/gcc/arm-none-eabi/12.3.1/thumb/v7e-m+fp/hard/crti.o
LOAD /opt/st/stm32cubeide_1.17.0/plugins/com.st.stm32cube.ide.mcu.externaltools.gnu-tools-for-stm32.12.3.rel1.linux64_1.1.0.202410170702/tools/bin/../lib/gcc/arm-none-eabi/12.3.1/thumb/v7e-m+fp/hard/crtbegin.o
LOAD /opt/st/stm32cubeide_1.17.0/plugins/com.st.stm32cube.ide.mcu.externaltools.gnu-tools-for-stm32.12.3.rel1.linux64_1.1.0.202410170702/tools/bin/../lib/gcc/arm-none-eabi/12.3.1/../../../../arm-none-eabi/lib/thumb/v7e-m+fp/hard/crt0.o
LOAD ./Core/Src/hd44780.o
LOAD ./Core/Src/main.o
LOAD ./Core/Src/stm32l4xx_hal_msp.o
LOAD ./Core/Src/stm32l4xx_it.o
LOAD ./Core/Src/syscalls.o
LOAD ./Core/Src/sysmem.o
LOAD ./Core/Src/system_stm32l4xx.o
LOAD ./Core/Startup/startup_stm32l475vgtx.o
LOAD ./Drivers/STM32L4xx_HAL_Driver/Src/stm32l4xx_hal.o
LOAD ./Drivers/STM32L4xx_HAL_Driver/Src/stm32l4xx_hal_adc.o
LOAD ./Drivers/STM32L4xx_HAL_Driver/Src/stm32l4xx_hal_adc_ex.o
LOAD ./Drivers/STM32L4xx_HAL_Driver/Src/stm32l4xx_hal_cortex.o
LOAD ./Drivers/STM32L4xx_HAL_Driver/Src/stm32l4xx_hal_dac.o
LOAD ./Drivers/STM32L4xx_HAL_Driver/Src/stm32l4xx_hal_dac_ex.o
LOAD ./Drivers/STM32L4xx_HAL_Driver/Src/stm32l4xx_hal_dfsdm.o
LOAD ./Drivers/STM32L4xx_HAL_Driver/Src/stm32l4xx_hal_dma.o
LOAD ./Drivers/STM32L4xx_HAL_Driver/Src/stm32l4xx_hal_dma_ex.o
LOAD ./Drivers/STM32L4xx_HAL_Driver/Src/stm32l4xx_hal_exti.o
LOAD ./Drivers/STM32L4xx_HAL_Driver/Src/stm32l4xx_hal_flash.o
LOAD ./Drivers/STM32L4xx_HAL_Driver/Src/stm32l4xx_hal_flash_ex.o
LOAD ./Drivers/STM32L4xx_HAL_Driver/Src/stm32l4xx_hal_flash_ramfunc.o
LOAD ./Drivers/STM32L4xx_HAL_Driver/Src/stm32l4xx_hal_gpio.o
LOAD ./Drivers/STM32L4xx_HAL_Driver/Src/stm32l4xx_hal_i2c.o
LOAD ./Drivers/STM32L4xx_HAL_Driver/Src/stm32l4xx_hal_i2c_ex.o
LOAD ./Drivers/STM32L4xx_HAL_Driver/Src/stm32l4xx_hal_pcd.o
LOAD ./Drivers/STM32L4xx_HAL_Driver/Src/stm32l4xx_hal_pcd_ex.o
LOAD ./Drivers/STM32L4xx_HAL_Driver/Src/stm32l4xx_hal_pwr.o
LOAD ./Drivers/STM32L4xx_HAL_Driver/Src/stm32l4xx_hal_pwr_ex.o
LOAD ./Drivers/STM32L4xx_HAL_Driver/Src/stm32l4xx_hal_qspi.o
LOAD ./Drivers/STM32L4xx_HAL_Driver/Src/stm32l4xx_hal_rcc.o
LOAD ./Drivers/STM32L4xx_HAL_Driver/Src/stm32l4xx_hal_rcc_ex.o
LOAD ./Drivers/STM32L4xx_HAL_Driver/Src/stm32l4xx_hal_spi.o
LOAD ./Drivers/STM32L4xx_HAL_Driver/Src/stm32l4xx_hal_spi_ex.o
LOAD ./Drivers/STM32L4xx_HAL_Driver/Src/stm32l4xx_hal_tim.o
LOAD ./Drivers/STM32L4xx_HAL_Driver/Src/stm32l4xx_hal_tim_ex.o
LOAD ./Drivers/STM32L4xx_HAL_Driver/Src/stm32l4xx_hal_uart.o
LOAD ./Drivers/STM32L4xx_HAL_Driver/Src/stm32l4xx_hal_uart_ex.o
LOAD ./Drivers/STM32L4xx_HAL_Driver/Src/stm32l4xx_ll_usb.o
LOAD ./Middlewares/ST/STM32_USB_Device_Library/Class/AUDIO/Src/usbd_audio.o
LOAD ./Middlewares/ST/STM32_USB_Device_Library/Core/Src/usbd_core.o
LOAD ./Middlewares/ST/STM32_USB_Device_Library/Core/Src/usbd_ctlreq.o
LOAD ./Middlewares/ST/STM32_USB_Device_Library/Core/Src/usbd_ioreq.o
LOAD ./USB_DEVICE/App/usb_device.o
LOAD ./USB_DEVICE/App/usbd_audio_if.o
LOAD ./USB_DEVICE/App/usbd_desc.o
LOAD ./USB_DEVICE/Target/usbd_conf.o
START GROUP
LOAD /opt/st/stm32cubeide_1.17.0/plugins/com.st.stm32cube.ide.mcu.externaltools.gnu-tools-for-stm32.12.3.rel1.linux64_1.1.0.202410170702/tools/bin/../lib/gcc/arm-none-eabi/12.3.1/../../../../arm-none-eabi/lib/thumb/v7e-m+fp/hard/libc_nano.a
LOAD /opt/st/stm32cubeide_1.17.0/plugins/com.st.stm32cube.ide.mcu.externaltools.gnu-tools-for-stm32.12.3.rel1.linux64_1.1.0.202410170702/tools/bin/../lib/gcc/arm-none-eabi/12.3.1/../../../../arm-none-eabi/lib/thumb/v7e-m+fp/hard/libm.a
END GROUP
START GROUP
LOAD /opt/st/stm32cubeide_1.17.0/plugins/com.st.stm32cube.ide.mcu.externaltools.gnu-tools-for-stm32.12.3.rel1.linux64_1.1.0.202410170702/tools/bin/../lib/gcc/arm-none-eabi/12.3.1/thumb/v7e-m+fp/hard/libgcc.a
LOAD /opt/st/stm32cubeide_1.17.0/plugins/com.st.stm32cube.ide.mcu.externaltools.gnu-tools-for-stm32.12.3.rel1.linux64_1.1.0.202410170702/tools/bin/../lib/gcc/arm-none-eabi/12.3.1/../../../../arm-none-eabi/lib/thumb/v7e-m+fp/hard/libc_nano.a
END GROUP
START GROUP
LOAD /opt/st/stm32cubeide_1.17.0/plugins/com.st.stm32cube.ide.mcu.externaltools.gnu-tools-for-stm32.12.3.rel1.linux64_1.1.0.202410170702/tools/bin/../lib/gcc/arm-none-eabi/12.3.1/thumb/v7e-m+fp/hard/libgcc.a
LOAD /opt/st/stm32cubeide_1.17.0/plugins/com.st.stm32cube.ide.mcu.externaltools.gnu-tools-for-stm32.12.3.rel1.linux64_1.1.0.202410170702/tools/bin/../lib/gcc/arm-none-eabi/12.3.1/../../../../arm-none-eabi/lib/thumb/v7e-m+fp/hard/libc_nano.a
LOAD /opt/st/stm32cubeide_1.17.0/plugins/com.st.stm32cube.ide.mcu.externaltools.gnu-tools-for-stm32.12.3.rel1.linux64_1.1.0.202410170702/tools/bin/../lib/gcc/arm-none-eabi/12.3.1/../../../../arm-none-eabi/lib/thumb/v7e-m+fp/hard/libnosys.a
END GROUP
START GROUP
LOAD /opt/st/stm32cubeide_1.17.0/plugins/com.st.stm32cube.ide.mcu.externaltools.gnu-tools-for-stm32.12.3.rel1.linux64_1.1.0.202410170702/tools/bin/../lib/gcc/arm-none-eabi/12.3.1/thumb/v7e-m+fp/hard/libgcc.a
LOAD /opt/st/stm32cubeide_1.17.0/plugins/com.st.stm32cube.ide.mcu.externaltools.gnu-tools-for-stm32.12.3.rel1.linux64_1.1.0.202410170702/tools/bin/../lib/gcc/arm-none-eabi/12.3.1/../../../../arm-none-eabi/lib/thumb/v7e-m+fp/hard/libc_nano.a
LOAD /opt/st/stm32cubeide_1.17.0/plugins/com.st.stm32cube.ide.mcu.externaltools.gnu-tools-for-stm32.12.3.rel1.linux64_1.1.0.202410170702/tools/bin/../lib/gcc/arm-none-eabi/12.3.1/../../../../arm-none-eabi/lib/thumb/v7e-m+fp/hard/libnosys.a
END GROUP
LOAD /opt/st/stm32cubeide_1.17.0/plugins/com.st.stm32cube.ide.mcu.externaltools.gnu-tools-for-stm32.12.3.rel1.linux64_1.1.0.202410170702/tools/bin/../lib/gcc/arm-none-eabi/12.3.1/thumb/v7e-m+fp/hard/crtend.o
LOAD /opt/st/stm32cubeide_1.17.0/plugins/com.st.stm32cube.ide.mcu.externaltools.gnu-tools-for-stm32.12.3.rel1.linux64_1.1.0.202410170702/tools/bin/../lib/gcc/arm-none-eabi/12.3.1/thumb/v7e-m+fp/hard/crtn.o
                0x20018000                        _estack = (ORIGIN (RAM) + LENGTH (RAM))
                0x00000200                        _Min_Heap_Size = 0x200
                0x00000400                        _Min_Stack_Size = 0x400

.isr_vector     0x08000000      0x188
                0x08000000                        . = ALIGN (0x4)
 *(.isr_vector)
 .isr_vector    0x08000000      0x188 ./Core/Startup/startup_stm32l475vgtx.o
                0x08000000                g_pfnVectors
                0x08000188                        . = ALIGN (0x4)

.text           0x08000188     0xc08c
                0x08000188                        . = ALIGN (0x4)
 *(.text)
 .text          0x08000188       0x40 /opt/st/stm32cubeide_1.17.0/plugins/com.st.stm32cube.ide.mcu.externaltools.gnu-tools-for-stm32.12.3.rel1.linux64_1.1.0.202410170702/tools/bin/../lib/gcc/arm-none-eabi/12.3.1/thumb/v7e-m+fp/hard/crtbegin.o
 .text          0x080001c8      0x378 /opt/st/stm32cubeide_1.17.0/plugins/com.st.stm32cube.ide.mcu.externaltools.gnu-tools-for-stm32.12.3.rel1.linux64_1.1.0.202410170702/tools/bin/../lib/gcc/arm-none-eabi/12.3.1/thumb/v7e-m+fp/hard/libgcc.a(_arm_addsubdf3.o)
                0x080001c8                __aeabi_drsub
                0x080001d0                __aeabi_dsub
                0x080001d0                __subdf3
                0x080001d4                __adddf3
                0x080001d4                __aeabi_dadd
                0x0800044c                __aeabi_ui2d
                0x0800044c                __floatunsidf
                0x0800046c                __floatsidf
                0x0800046c                __aeabi_i2d
                0x08000490                __extendsfdf2
                0x08000490                __aeabi_f2d
                0x080004d4                __aeabi_ul2d
                0x080004d4                __floatundidf
                0x080004e4                __floatdidf
                0x080004e4                __aeabi_l2d
 .text          0x08000540      0x424 /opt/st/stm32cubeide_1.17.0/plugins/com.st.stm32cube.ide.mcu.externaltools.gnu-tools-for-stm32.12.3.rel1.linux64_1.1.0.202410170702/tools/bin/../lib/gcc/arm-none-eabi/12.3.1/thumb/v7e-m+fp/hard/libgcc.a(_arm_muldivdf3.o)
                0x08000540                __aeabi_dmul
                0x08000540                __muldf3
                0x08000794                __aeabi_ddiv
                0x08000794                __divdf3
 .text          0x08000964       0xa0 /opt/st/stm32cubeide_1.17.0/plugins/com.st.stm32cube.ide.mcu.externaltools.gnu-tools-for-stm32.12.3.rel1.linux64_1.1.0.202410170702/tools/bin/../lib/gcc/arm-none-eabi/12.3.1/thumb/v7e-m+fp/hard/libgcc.a(_arm_truncdfsf2.o)
                0x08000964                __aeabi_d2f
                0x08000964                __truncdfsf2
 .text          0x08000a04       0x30 /opt/st/stm32cubeide_1.17.0/plugins/com.st.stm32cube.ide.mcu.externaltools.gnu-tools-for-stm32.12.3.rel1.linux64_1.1.0.202410170702/tools/bin/../lib/gcc/arm-none-eabi/12.3.1/thumb/v7e-m+fp/hard/libgcc.a(_aeabi_uldivmod.o)
                0x08000a04                __aeabi_uldivmod
 .text          0x08000a34      0x2bc /opt/st/stm32cubeide_1.17.0/plugins/com.st.stm32cube.ide.mcu.externaltools.gnu-tools-for-stm32.12.3.rel1.linux64_1.1.0.202410170702/tools/bin/../lib/gcc/arm-none-eabi/12.3.1/thumb/v7e-m+fp/hard/libgcc.a(_udivmoddi4.o)
                0x08000a34                __udivmoddi4
 .text          0x08000cf0        0x4 /opt/st/stm32cubeide_1.17.0/plugins/com.st.stm32cube.ide.mcu.externaltools.gnu-tools-for-stm32.12.3.rel1.linux64_1.1.0.202410170702/tools/bin/../lib/gcc/arm-none-eabi/12.3.1/thumb/v7e-m+fp/hard/libgcc.a(_dvmd_tls.o)
                0x08000cf0                __aeabi_ldiv0
                0x08000cf0                __aeabi_idiv0
 *(.text*)
 .text.lcd_clock
                0x08000cf4       0x30 ./Core/Src/hd44780.o
                0x08000cf4                lcd_clock
 .text.lcd_reset
                0x08000d24       0x90 ./Core/Src/hd44780.o
                0x08000d24                lcd_reset
 .text.lcd_write
                0x08000db4      0x16c ./Core/Src/hd44780.o
                0x08000db4                lcd_write
 .text.lcd_clear
                0x08000f20       0x24 ./Core/Src/hd44780.o
                0x08000f20                lcd_clear
 .text.lcd_display_settings
                0x08000f44       0x42 ./Core/Src/hd44780.o
                0x08000f44                lcd_display_settings
 *fill*         0x08000f86        0x2 
 .text.writeIntegerToLCD
                0x08000f88       0xe4 ./Core/Src/hd44780.o
                0x08000f88                writeIntegerToLCD
 .text.moveToXY
                0x0800106c       0xfc ./Core/Src/hd44780.o
                0x0800106c                moveToXY
 .text.main     0x08001168       0xa4 ./Core/Src/main.o
                0x08001168                main
 .text.SystemClock_Config
                0x0800120c       0xc4 ./Core/Src/main.o
                0x0800120c                SystemClock_Config
 .text.PeriphCommonClock_Config
                0x080012d0       0x5c ./Core/Src/main.o
                0x080012d0                PeriphCommonClock_Config
 .text.MX_ADC1_Init
                0x0800132c       0xec ./Core/Src/main.o
 .text.MX_DAC1_Init
                0x08001418       0x64 ./Core/Src/main.o
 .text.MX_DFSDM1_Init
                0x0800147c       0x70 ./Core/Src/main.o
 .text.MX_I2C2_Init
                0x080014ec       0x7c ./Core/Src/main.o
 .text.MX_QUADSPI_Init
                0x08001568       0x4c ./Core/Src/main.o
 .text.MX_SPI3_Init
                0x080015b4       0x7c ./Core/Src/main.o
 .text.MX_TIM7_Init
                0x08001630       0x6c ./Core/Src/main.o
 .text.MX_USART1_UART_Init
                0x0800169c       0x60 ./Core/Src/main.o
 .text.MX_USART3_UART_Init
                0x080016fc       0x60 ./Core/Src/main.o
 .text.MX_GPIO_Init
                0x0800175c      0x2f0 ./Core/Src/main.o
 .text.Error_Handler
                0x08001a4c        0xc ./Core/Src/main.o
                0x08001a4c                Error_Handler
 .text.HAL_MspInit
                0x08001a58       0x48 ./Core/Src/stm32l4xx_hal_msp.o
                0x08001a58                HAL_MspInit
 .text.HAL_ADC_MspInit
                0x08001aa0       0x80 ./Core/Src/stm32l4xx_hal_msp.o
                0x08001aa0                HAL_ADC_MspInit
 .text.HAL_DAC_MspInit
                0x08001b20       0x7c ./Core/Src/stm32l4xx_hal_msp.o
                0x08001b20                HAL_DAC_MspInit
 .text.HAL_DFSDM_ChannelMspInit
                0x08001b9c       0xc8 ./Core/Src/stm32l4xx_hal_msp.o
                0x08001b9c                HAL_DFSDM_ChannelMspInit
 .text.HAL_I2C_MspInit
                0x08001c64       0xbc ./Core/Src/stm32l4xx_hal_msp.o
                0x08001c64                HAL_I2C_MspInit
 .text.HAL_QSPI_MspInit
                0x08001d20       0x88 ./Core/Src/stm32l4xx_hal_msp.o
                0x08001d20                HAL_QSPI_MspInit
 .text.HAL_SPI_MspInit
                0x08001da8       0x88 ./Core/Src/stm32l4xx_hal_msp.o
                0x08001da8                HAL_SPI_MspInit
 .text.HAL_TIM_Base_MspInit
                0x08001e30       0x4c ./Core/Src/stm32l4xx_hal_msp.o
                0x08001e30                HAL_TIM_Base_MspInit
 .text.HAL_UART_MspInit
                0x08001e7c      0x148 ./Core/Src/stm32l4xx_hal_msp.o
                0x08001e7c                HAL_UART_MspInit
 .text.NMI_Handler
                0x08001fc4        0x8 ./Core/Src/stm32l4xx_it.o
                0x08001fc4                NMI_Handler
 .text.HardFault_Handler
                0x08001fcc        0x8 ./Core/Src/stm32l4xx_it.o
                0x08001fcc                HardFault_Handler
 .text.MemManage_Handler
                0x08001fd4        0x8 ./Core/Src/stm32l4xx_it.o
                0x08001fd4                MemManage_Handler
 .text.BusFault_Handler
                0x08001fdc        0x8 ./Core/Src/stm32l4xx_it.o
                0x08001fdc                BusFault_Handler
 .text.UsageFault_Handler
                0x08001fe4        0x8 ./Core/Src/stm32l4xx_it.o
                0x08001fe4                UsageFault_Handler
 .text.SVC_Handler
                0x08001fec        0xe ./Core/Src/stm32l4xx_it.o
                0x08001fec                SVC_Handler
 .text.DebugMon_Handler
                0x08001ffa        0xe ./Core/Src/stm32l4xx_it.o
                0x08001ffa                DebugMon_Handler
 .text.PendSV_Handler
                0x08002008        0xe ./Core/Src/stm32l4xx_it.o
                0x08002008                PendSV_Handler
 .text.SysTick_Handler
                0x08002016        0xc ./Core/Src/stm32l4xx_it.o
                0x08002016                SysTick_Handler
 .text.EXTI9_5_IRQHandler
                0x08002022       0x22 ./Core/Src/stm32l4xx_it.o
                0x08002022                EXTI9_5_IRQHandler
 .text.EXTI15_10_IRQHandler
                0x08002044       0x30 ./Core/Src/stm32l4xx_it.o
                0x08002044                EXTI15_10_IRQHandler
 .text.TIM7_IRQHandler
                0x08002074      0x168 ./Core/Src/stm32l4xx_it.o
                0x08002074                TIM7_IRQHandler
 .text.OTG_FS_IRQHandler
                0x080021dc       0x14 ./Core/Src/stm32l4xx_it.o
                0x080021dc                OTG_FS_IRQHandler
 .text.SystemInit
                0x080021f0       0x24 ./Core/Src/system_stm32l4xx.o
                0x080021f0                SystemInit
 .text.Reset_Handler
                0x08002214       0x50 ./Core/Startup/startup_stm32l475vgtx.o
                0x08002214                Reset_Handler
 .text.Default_Handler
                0x08002264        0x2 ./Core/Startup/startup_stm32l475vgtx.o
                0x08002264                RTC_Alarm_IRQHandler
                0x08002264                EXTI2_IRQHandler
                0x08002264                TIM8_TRG_COM_IRQHandler
                0x08002264                TIM8_CC_IRQHandler
                0x08002264                TIM1_CC_IRQHandler
                0x08002264                TSC_IRQHandler
                0x08002264                TAMP_STAMP_IRQHandler
                0x08002264                EXTI3_IRQHandler
                0x08002264                LPTIM2_IRQHandler
                0x08002264                DFSDM1_FLT1_IRQHandler
                0x08002264                I2C3_ER_IRQHandler
                0x08002264                DFSDM1_FLT2_IRQHandler
                0x08002264                EXTI0_IRQHandler
                0x08002264                I2C2_EV_IRQHandler
                0x08002264                CAN1_RX0_IRQHandler
                0x08002264                FPU_IRQHandler
                0x08002264                TIM1_UP_TIM16_IRQHandler
                0x08002264                ADC1_2_IRQHandler
                0x08002264                SPI1_IRQHandler
                0x08002264                TIM6_DAC_IRQHandler
                0x08002264                TIM8_UP_IRQHandler
                0x08002264                DMA2_Channel2_IRQHandler
                0x08002264                DMA1_Channel4_IRQHandler
                0x08002264                SAI2_IRQHandler
                0x08002264                DFSDM1_FLT3_IRQHandler
                0x08002264                USART3_IRQHandler
                0x08002264                DMA1_Channel7_IRQHandler
                0x08002264                CAN1_RX1_IRQHandler
                0x08002264                UART5_IRQHandler
                0x08002264                ADC3_IRQHandler
                0x08002264                TIM4_IRQHandler
                0x08002264                DMA2_Channel1_IRQHandler
                0x08002264                QUADSPI_IRQHandler
                0x08002264                I2C1_EV_IRQHandler
                0x08002264                DMA1_Channel6_IRQHandler
                0x08002264                UART4_IRQHandler
                0x08002264                DMA2_Channel4_IRQHandler
                0x08002264                TIM3_IRQHandler
                0x08002264                RCC_IRQHandler
                0x08002264                DMA1_Channel1_IRQHandler
                0x08002264                Default_Handler
                0x08002264                DMA2_Channel7_IRQHandler
                0x08002264                SDMMC1_IRQHandler
                0x08002264                TIM5_IRQHandler
                0x08002264                I2C3_EV_IRQHandler
                0x08002264                RTC_WKUP_IRQHandler
                0x08002264                PVD_PVM_IRQHandler
                0x08002264                SPI2_IRQHandler
                0x08002264                CAN1_TX_IRQHandler
                0x08002264                DMA2_Channel5_IRQHandler
                0x08002264                DMA1_Channel5_IRQHandler
                0x08002264                EXTI4_IRQHandler
                0x08002264                RNG_IRQHandler
                0x08002264                TIM1_TRG_COM_TIM17_IRQHandler
                0x08002264                DMA1_Channel3_IRQHandler
                0x08002264                COMP_IRQHandler
                0x08002264                WWDG_IRQHandler
                0x08002264                LPUART1_IRQHandler
                0x08002264                DMA2_Channel6_IRQHandler
                0x08002264                TIM2_IRQHandler
                0x08002264                EXTI1_IRQHandler
                0x08002264                USART2_IRQHandler
                0x08002264                DFSDM1_FLT0_IRQHandler
                0x08002264                I2C2_ER_IRQHandler
                0x08002264                DMA1_Channel2_IRQHandler
                0x08002264                TIM8_BRK_IRQHandler
                0x08002264                CAN1_SCE_IRQHandler
                0x08002264                FLASH_IRQHandler
                0x08002264                USART1_IRQHandler
                0x08002264                SPI3_IRQHandler
                0x08002264                I2C1_ER_IRQHandler
                0x08002264                FMC_IRQHandler
                0x08002264                SWPMI1_IRQHandler
                0x08002264                LPTIM1_IRQHandler
                0x08002264                SAI1_IRQHandler
                0x08002264                DMA2_Channel3_IRQHandler
                0x08002264                TIM1_BRK_TIM15_IRQHandler
 .text.HAL_Init
                0x08002266       0x30 ./Drivers/STM32L4xx_HAL_Driver/Src/stm32l4xx_hal.o
                0x08002266                HAL_Init
 *fill*         0x08002296        0x2 
 .text.HAL_InitTick
                0x08002298       0x78 ./Drivers/STM32L4xx_HAL_Driver/Src/stm32l4xx_hal.o
                0x08002298                HAL_InitTick
 .text.HAL_IncTick
                0x08002310       0x28 ./Drivers/STM32L4xx_HAL_Driver/Src/stm32l4xx_hal.o
                0x08002310                HAL_IncTick
 .text.HAL_GetTick
                0x08002338       0x18 ./Drivers/STM32L4xx_HAL_Driver/Src/stm32l4xx_hal.o
                0x08002338                HAL_GetTick
 .text.HAL_Delay
                0x08002350       0x48 ./Drivers/STM32L4xx_HAL_Driver/Src/stm32l4xx_hal.o
                0x08002350                HAL_Delay
 .text.LL_ADC_SetCommonClock
                0x08002398       0x26 ./Drivers/STM32L4xx_HAL_Driver/Src/stm32l4xx_hal_adc.o
 .text.LL_ADC_SetCommonPathInternalCh
                0x080023be       0x26 ./Drivers/STM32L4xx_HAL_Driver/Src/stm32l4xx_hal_adc.o
 .text.LL_ADC_GetCommonPathInternalCh
                0x080023e4       0x1c ./Drivers/STM32L4xx_HAL_Driver/Src/stm32l4xx_hal_adc.o
 .text.LL_ADC_SetOffset
                0x08002400       0x48 ./Drivers/STM32L4xx_HAL_Driver/Src/stm32l4xx_hal_adc.o
 .text.LL_ADC_GetOffsetChannel
                0x08002448       0x2c ./Drivers/STM32L4xx_HAL_Driver/Src/stm32l4xx_hal_adc.o
 .text.LL_ADC_SetOffsetState
                0x08002474       0x36 ./Drivers/STM32L4xx_HAL_Driver/Src/stm32l4xx_hal_adc.o
 .text.LL_ADC_REG_IsTriggerSourceSWStart
                0x080024aa       0x26 ./Drivers/STM32L4xx_HAL_Driver/Src/stm32l4xx_hal_adc.o
 .text.LL_ADC_REG_SetSequencerRanks
                0x080024d0       0x58 ./Drivers/STM32L4xx_HAL_Driver/Src/stm32l4xx_hal_adc.o
 .text.LL_ADC_SetChannelSamplingTime
                0x08002528       0x56 ./Drivers/STM32L4xx_HAL_Driver/Src/stm32l4xx_hal_adc.o
 *fill*         0x0800257e        0x2 
 .text.LL_ADC_SetChannelSingleDiff
                0x08002580       0x48 ./Drivers/STM32L4xx_HAL_Driver/Src/stm32l4xx_hal_adc.o
 .text.LL_ADC_GetMultimode
                0x080025c8       0x1c ./Drivers/STM32L4xx_HAL_Driver/Src/stm32l4xx_hal_adc.o
 .text.LL_ADC_GetMultiDMATransfer
                0x080025e4       0x1c ./Drivers/STM32L4xx_HAL_Driver/Src/stm32l4xx_hal_adc.o
 .text.LL_ADC_DisableDeepPowerDown
                0x08002600       0x24 ./Drivers/STM32L4xx_HAL_Driver/Src/stm32l4xx_hal_adc.o
 .text.LL_ADC_IsDeepPowerDownEnabled
                0x08002624       0x28 ./Drivers/STM32L4xx_HAL_Driver/Src/stm32l4xx_hal_adc.o
 .text.LL_ADC_EnableInternalRegulator
                0x0800264c       0x28 ./Drivers/STM32L4xx_HAL_Driver/Src/stm32l4xx_hal_adc.o
 .text.LL_ADC_IsInternalRegulatorEnabled
                0x08002674       0x28 ./Drivers/STM32L4xx_HAL_Driver/Src/stm32l4xx_hal_adc.o
 .text.LL_ADC_Enable
                0x0800269c       0x28 ./Drivers/STM32L4xx_HAL_Driver/Src/stm32l4xx_hal_adc.o
 .text.LL_ADC_IsEnabled
                0x080026c4       0x26 ./Drivers/STM32L4xx_HAL_Driver/Src/stm32l4xx_hal_adc.o
 .text.LL_ADC_REG_StartConversion
                0x080026ea       0x28 ./Drivers/STM32L4xx_HAL_Driver/Src/stm32l4xx_hal_adc.o
 .text.LL_ADC_REG_IsConversionOngoing
                0x08002712       0x26 ./Drivers/STM32L4xx_HAL_Driver/Src/stm32l4xx_hal_adc.o
 .text.LL_ADC_INJ_IsConversionOngoing
                0x08002738       0x26 ./Drivers/STM32L4xx_HAL_Driver/Src/stm32l4xx_hal_adc.o
 *fill*         0x0800275e        0x2 
 .text.HAL_ADC_Init
                0x08002760      0x2a0 ./Drivers/STM32L4xx_HAL_Driver/Src/stm32l4xx_hal_adc.o
                0x08002760                HAL_ADC_Init
 .text.HAL_ADC_Start
                0x08002a00      0x174 ./Drivers/STM32L4xx_HAL_Driver/Src/stm32l4xx_hal_adc.o
                0x08002a00                HAL_ADC_Start
 .text.HAL_ADC_PollForConversion
                0x08002b74      0x1b0 ./Drivers/STM32L4xx_HAL_Driver/Src/stm32l4xx_hal_adc.o
                0x08002b74                HAL_ADC_PollForConversion
 .text.HAL_ADC_GetValue
                0x08002d24       0x1a ./Drivers/STM32L4xx_HAL_Driver/Src/stm32l4xx_hal_adc.o
                0x08002d24                HAL_ADC_GetValue
 *fill*         0x08002d3e        0x2 
 .text.HAL_ADC_ConfigChannel
                0x08002d40      0x7e4 ./Drivers/STM32L4xx_HAL_Driver/Src/stm32l4xx_hal_adc.o
                0x08002d40                HAL_ADC_ConfigChannel
 .text.ADC_Enable
                0x08003524      0x10c ./Drivers/STM32L4xx_HAL_Driver/Src/stm32l4xx_hal_adc.o
                0x08003524                ADC_Enable
 .text.LL_ADC_IsEnabled
                0x08003630       0x26 ./Drivers/STM32L4xx_HAL_Driver/Src/stm32l4xx_hal_adc_ex.o
 .text.LL_ADC_REG_IsConversionOngoing
                0x08003656       0x26 ./Drivers/STM32L4xx_HAL_Driver/Src/stm32l4xx_hal_adc_ex.o
 .text.HAL_ADCEx_MultiModeConfigChannel
                0x0800367c      0x160 ./Drivers/STM32L4xx_HAL_Driver/Src/stm32l4xx_hal_adc_ex.o
                0x0800367c                HAL_ADCEx_MultiModeConfigChannel
 .text.__NVIC_SetPriorityGrouping
                0x080037dc       0x48 ./Drivers/STM32L4xx_HAL_Driver/Src/stm32l4xx_hal_cortex.o
 .text.__NVIC_GetPriorityGrouping
                0x08003824       0x1c ./Drivers/STM32L4xx_HAL_Driver/Src/stm32l4xx_hal_cortex.o
 .text.__NVIC_EnableIRQ
                0x08003840       0x3c ./Drivers/STM32L4xx_HAL_Driver/Src/stm32l4xx_hal_cortex.o
 .text.__NVIC_SetPriority
                0x0800387c       0x54 ./Drivers/STM32L4xx_HAL_Driver/Src/stm32l4xx_hal_cortex.o
 .text.NVIC_EncodePriority
                0x080038d0       0x66 ./Drivers/STM32L4xx_HAL_Driver/Src/stm32l4xx_hal_cortex.o
 *fill*         0x08003936        0x2 
 .text.SysTick_Config
                0x08003938       0x44 ./Drivers/STM32L4xx_HAL_Driver/Src/stm32l4xx_hal_cortex.o
 .text.HAL_NVIC_SetPriorityGrouping
                0x0800397c       0x16 ./Drivers/STM32L4xx_HAL_Driver/Src/stm32l4xx_hal_cortex.o
                0x0800397c                HAL_NVIC_SetPriorityGrouping
 .text.HAL_NVIC_SetPriority
                0x08003992       0x38 ./Drivers/STM32L4xx_HAL_Driver/Src/stm32l4xx_hal_cortex.o
                0x08003992                HAL_NVIC_SetPriority
 .text.HAL_NVIC_EnableIRQ
                0x080039ca       0x1c ./Drivers/STM32L4xx_HAL_Driver/Src/stm32l4xx_hal_cortex.o
                0x080039ca                HAL_NVIC_EnableIRQ
 .text.HAL_SYSTICK_Config
                0x080039e6       0x18 ./Drivers/STM32L4xx_HAL_Driver/Src/stm32l4xx_hal_cortex.o
                0x080039e6                HAL_SYSTICK_Config
 .text.HAL_DAC_Init
                0x080039fe       0x44 ./Drivers/STM32L4xx_HAL_Driver/Src/stm32l4xx_hal_dac.o
                0x080039fe                HAL_DAC_Init
 .text.HAL_DAC_Start
                0x08003a42       0x9a ./Drivers/STM32L4xx_HAL_Driver/Src/stm32l4xx_hal_dac.o
                0x08003a42                HAL_DAC_Start
 .text.HAL_DAC_SetValue
                0x08003adc       0x4a ./Drivers/STM32L4xx_HAL_Driver/Src/stm32l4xx_hal_dac.o
                0x08003adc                HAL_DAC_SetValue
 .text.HAL_DAC_ConfigChannel
                0x08003b26      0x24e ./Drivers/STM32L4xx_HAL_Driver/Src/stm32l4xx_hal_dac.o
                0x08003b26                HAL_DAC_ConfigChannel
 .text.HAL_DFSDM_ChannelInit
                0x08003d74      0x180 ./Drivers/STM32L4xx_HAL_Driver/Src/stm32l4xx_hal_dfsdm.o
                0x08003d74                HAL_DFSDM_ChannelInit
 .text.DFSDM_GetChannelFromInstance
                0x08003ef4       0x98 ./Drivers/STM32L4xx_HAL_Driver/Src/stm32l4xx_hal_dfsdm.o
 .text.HAL_GPIO_Init
                0x08003f8c      0x354 ./Drivers/STM32L4xx_HAL_Driver/Src/stm32l4xx_hal_gpio.o
                0x08003f8c                HAL_GPIO_Init
 .text.HAL_GPIO_WritePin
                0x080042e0       0x30 ./Drivers/STM32L4xx_HAL_Driver/Src/stm32l4xx_hal_gpio.o
                0x080042e0                HAL_GPIO_WritePin
 .text.HAL_GPIO_EXTI_IRQHandler
                0x08004310       0x30 ./Drivers/STM32L4xx_HAL_Driver/Src/stm32l4xx_hal_gpio.o
                0x08004310                HAL_GPIO_EXTI_IRQHandler
 .text.HAL_GPIO_EXTI_Callback
                0x08004340       0x16 ./Drivers/STM32L4xx_HAL_Driver/Src/stm32l4xx_hal_gpio.o
                0x08004340                HAL_GPIO_EXTI_Callback
 .text.HAL_I2C_Init
                0x08004356      0x136 ./Drivers/STM32L4xx_HAL_Driver/Src/stm32l4xx_hal_i2c.o
                0x08004356                HAL_I2C_Init
 .text.HAL_I2CEx_ConfigAnalogFilter
                0x0800448c       0x96 ./Drivers/STM32L4xx_HAL_Driver/Src/stm32l4xx_hal_i2c_ex.o
                0x0800448c                HAL_I2CEx_ConfigAnalogFilter
 .text.HAL_I2CEx_ConfigDigitalFilter
                0x08004522       0x98 ./Drivers/STM32L4xx_HAL_Driver/Src/stm32l4xx_hal_i2c_ex.o
                0x08004522                HAL_I2CEx_ConfigDigitalFilter
 .text.HAL_PCD_Init
                0x080045ba      0x21e ./Drivers/STM32L4xx_HAL_Driver/Src/stm32l4xx_hal_pcd.o
                0x080045ba                HAL_PCD_Init
 .text.HAL_PCD_Start
                0x080047d8       0x5e ./Drivers/STM32L4xx_HAL_Driver/Src/stm32l4xx_hal_pcd.o
                0x080047d8                HAL_PCD_Start
 .text.HAL_PCD_IRQHandler
                0x08004836      0x92c ./Drivers/STM32L4xx_HAL_Driver/Src/stm32l4xx_hal_pcd.o
                0x08004836                HAL_PCD_IRQHandler
 .text.HAL_PCD_SetAddress
                0x08005162       0x48 ./Drivers/STM32L4xx_HAL_Driver/Src/stm32l4xx_hal_pcd.o
                0x08005162                HAL_PCD_SetAddress
 .text.HAL_PCD_EP_Open
                0x080051aa       0xd4 ./Drivers/STM32L4xx_HAL_Driver/Src/stm32l4xx_hal_pcd.o
                0x080051aa                HAL_PCD_EP_Open
 .text.HAL_PCD_EP_Close
                0x0800527e       0x94 ./Drivers/STM32L4xx_HAL_Driver/Src/stm32l4xx_hal_pcd.o
                0x0800527e                HAL_PCD_EP_Close
 .text.HAL_PCD_EP_Receive
                0x08005312       0x64 ./Drivers/STM32L4xx_HAL_Driver/Src/stm32l4xx_hal_pcd.o
                0x08005312                HAL_PCD_EP_Receive
 .text.HAL_PCD_EP_GetRxCount
                0x08005376       0x30 ./Drivers/STM32L4xx_HAL_Driver/Src/stm32l4xx_hal_pcd.o
                0x08005376                HAL_PCD_EP_GetRxCount
 .text.HAL_PCD_EP_Transmit
                0x080053a6       0x62 ./Drivers/STM32L4xx_HAL_Driver/Src/stm32l4xx_hal_pcd.o
                0x080053a6                HAL_PCD_EP_Transmit
 .text.HAL_PCD_EP_SetStall
                0x08005408       0xc4 ./Drivers/STM32L4xx_HAL_Driver/Src/stm32l4xx_hal_pcd.o
                0x08005408                HAL_PCD_EP_SetStall
 .text.HAL_PCD_EP_ClrStall
                0x080054cc       0xac ./Drivers/STM32L4xx_HAL_Driver/Src/stm32l4xx_hal_pcd.o
                0x080054cc                HAL_PCD_EP_ClrStall
 .text.HAL_PCD_EP_Abort
                0x08005578       0x62 ./Drivers/STM32L4xx_HAL_Driver/Src/stm32l4xx_hal_pcd.o
                0x08005578                HAL_PCD_EP_Abort
 .text.PCD_WriteEmptyTxFifo
                0x080055da      0x110 ./Drivers/STM32L4xx_HAL_Driver/Src/stm32l4xx_hal_pcd.o
 *fill*         0x080056ea        0x2 
 .text.PCD_EP_OutXfrComplete_int
                0x080056ec       0x9c ./Drivers/STM32L4xx_HAL_Driver/Src/stm32l4xx_hal_pcd.o
 .text.PCD_EP_OutSetupPacket_int
                0x08005788       0x68 ./Drivers/STM32L4xx_HAL_Driver/Src/stm32l4xx_hal_pcd.o
 .text.HAL_PCDEx_SetTxFiFo
                0x080057f0       0x8e ./Drivers/STM32L4xx_HAL_Driver/Src/stm32l4xx_hal_pcd_ex.o
                0x080057f0                HAL_PCDEx_SetTxFiFo
 .text.HAL_PCDEx_SetRxFiFo
                0x0800587e       0x22 ./Drivers/STM32L4xx_HAL_Driver/Src/stm32l4xx_hal_pcd_ex.o
                0x0800587e                HAL_PCDEx_SetRxFiFo
 .text.HAL_PCDEx_ActivateLPM
                0x080058a0       0x48 ./Drivers/STM32L4xx_HAL_Driver/Src/stm32l4xx_hal_pcd_ex.o
                0x080058a0                HAL_PCDEx_ActivateLPM
 .text.HAL_PWR_EnableBkUpAccess
                0x080058e8       0x20 ./Drivers/STM32L4xx_HAL_Driver/Src/stm32l4xx_hal_pwr.o
                0x080058e8                HAL_PWR_EnableBkUpAccess
 .text.HAL_PWREx_GetVoltageRange
                0x08005908       0x1c ./Drivers/STM32L4xx_HAL_Driver/Src/stm32l4xx_hal_pwr_ex.o
                0x08005908                HAL_PWREx_GetVoltageRange
 .text.HAL_PWREx_ControlVoltageScaling
                0x08005924       0xac ./Drivers/STM32L4xx_HAL_Driver/Src/stm32l4xx_hal_pwr_ex.o
                0x08005924                HAL_PWREx_ControlVoltageScaling
 .text.HAL_PWREx_EnableVddUSB
                0x080059d0       0x20 ./Drivers/STM32L4xx_HAL_Driver/Src/stm32l4xx_hal_pwr_ex.o
                0x080059d0                HAL_PWREx_EnableVddUSB
 .text.HAL_QSPI_Init
                0x080059f0       0xec ./Drivers/STM32L4xx_HAL_Driver/Src/stm32l4xx_hal_qspi.o
                0x080059f0                HAL_QSPI_Init
 .text.HAL_QSPI_SetTimeout
                0x08005adc       0x1c ./Drivers/STM32L4xx_HAL_Driver/Src/stm32l4xx_hal_qspi.o
                0x08005adc                HAL_QSPI_SetTimeout
 .text.QSPI_WaitFlagStateUntilTimeout
                0x08005af8       0x6e ./Drivers/STM32L4xx_HAL_Driver/Src/stm32l4xx_hal_qspi.o
 *fill*         0x08005b66        0x2 
 .text.HAL_RCC_OscConfig
                0x08005b68      0x7b8 ./Drivers/STM32L4xx_HAL_Driver/Src/stm32l4xx_hal_rcc.o
                0x08005b68                HAL_RCC_OscConfig
 .text.HAL_RCC_ClockConfig
                0x08006320      0x200 ./Drivers/STM32L4xx_HAL_Driver/Src/stm32l4xx_hal_rcc.o
                0x08006320                HAL_RCC_ClockConfig
 .text.HAL_RCC_GetSysClockFreq
                0x08006520      0x118 ./Drivers/STM32L4xx_HAL_Driver/Src/stm32l4xx_hal_rcc.o
                0x08006520                HAL_RCC_GetSysClockFreq
 .text.HAL_RCC_GetHCLKFreq
                0x08006638       0x18 ./Drivers/STM32L4xx_HAL_Driver/Src/stm32l4xx_hal_rcc.o
                0x08006638                HAL_RCC_GetHCLKFreq
 .text.HAL_RCC_GetPCLK1Freq
                0x08006650       0x2c ./Drivers/STM32L4xx_HAL_Driver/Src/stm32l4xx_hal_rcc.o
                0x08006650                HAL_RCC_GetPCLK1Freq
 .text.HAL_RCC_GetPCLK2Freq
                0x0800667c       0x2c ./Drivers/STM32L4xx_HAL_Driver/Src/stm32l4xx_hal_rcc.o
                0x0800667c                HAL_RCC_GetPCLK2Freq
 .text.RCC_SetFlashLatencyFromMSIRange
                0x080066a8       0xc0 ./Drivers/STM32L4xx_HAL_Driver/Src/stm32l4xx_hal_rcc.o
 .text.HAL_RCCEx_PeriphCLKConfig
                0x08006768      0x5d4 ./Drivers/STM32L4xx_HAL_Driver/Src/stm32l4xx_hal_rcc_ex.o
                0x08006768                HAL_RCCEx_PeriphCLKConfig
 .text.HAL_RCCEx_EnableMSIPLLMode
                0x08006d3c       0x20 ./Drivers/STM32L4xx_HAL_Driver/Src/stm32l4xx_hal_rcc_ex.o
                0x08006d3c                HAL_RCCEx_EnableMSIPLLMode
 .text.RCCEx_PLLSAI1_Config
                0x08006d5c      0x1e8 ./Drivers/STM32L4xx_HAL_Driver/Src/stm32l4xx_hal_rcc_ex.o
 .text.RCCEx_PLLSAI2_Config
                0x08006f44      0x1bc ./Drivers/STM32L4xx_HAL_Driver/Src/stm32l4xx_hal_rcc_ex.o
 .text.HAL_SPI_Init
                0x08007100      0x146 ./Drivers/STM32L4xx_HAL_Driver/Src/stm32l4xx_hal_spi.o
                0x08007100                HAL_SPI_Init
 .text.HAL_TIM_Base_Init
                0x08007246       0xae ./Drivers/STM32L4xx_HAL_Driver/Src/stm32l4xx_hal_tim.o
                0x08007246                HAL_TIM_Base_Init
 .text.HAL_TIM_Base_Start_IT
                0x080072f4       0xe0 ./Drivers/STM32L4xx_HAL_Driver/Src/stm32l4xx_hal_tim.o
                0x080072f4                HAL_TIM_Base_Start_IT
 .text.HAL_TIM_IRQHandler
                0x080073d4      0x20e ./Drivers/STM32L4xx_HAL_Driver/Src/stm32l4xx_hal_tim.o
                0x080073d4                HAL_TIM_IRQHandler
 .text.HAL_TIM_PeriodElapsedCallback
                0x080075e2       0x14 ./Drivers/STM32L4xx_HAL_Driver/Src/stm32l4xx_hal_tim.o
                0x080075e2                HAL_TIM_PeriodElapsedCallback
 .text.HAL_TIM_OC_DelayElapsedCallback
                0x080075f6       0x14 ./Drivers/STM32L4xx_HAL_Driver/Src/stm32l4xx_hal_tim.o
                0x080075f6                HAL_TIM_OC_DelayElapsedCallback
 .text.HAL_TIM_IC_CaptureCallback
                0x0800760a       0x14 ./Drivers/STM32L4xx_HAL_Driver/Src/stm32l4xx_hal_tim.o
                0x0800760a                HAL_TIM_IC_CaptureCallback
 .text.HAL_TIM_PWM_PulseFinishedCallback
                0x0800761e       0x14 ./Drivers/STM32L4xx_HAL_Driver/Src/stm32l4xx_hal_tim.o
                0x0800761e                HAL_TIM_PWM_PulseFinishedCallback
 .text.HAL_TIM_TriggerCallback
                0x08007632       0x14 ./Drivers/STM32L4xx_HAL_Driver/Src/stm32l4xx_hal_tim.o
                0x08007632                HAL_TIM_TriggerCallback
 *fill*         0x08007646        0x2 
 .text.TIM_Base_SetConfig
                0x08007648      0x14c ./Drivers/STM32L4xx_HAL_Driver/Src/stm32l4xx_hal_tim.o
                0x08007648                TIM_Base_SetConfig
 .text.HAL_TIMEx_MasterConfigSynchronization
                0x08007794      0x110 ./Drivers/STM32L4xx_HAL_Driver/Src/stm32l4xx_hal_tim_ex.o
                0x08007794                HAL_TIMEx_MasterConfigSynchronization
 .text.HAL_TIMEx_CommutCallback
                0x080078a4       0x14 ./Drivers/STM32L4xx_HAL_Driver/Src/stm32l4xx_hal_tim_ex.o
                0x080078a4                HAL_TIMEx_CommutCallback
 .text.HAL_TIMEx_BreakCallback
                0x080078b8       0x14 ./Drivers/STM32L4xx_HAL_Driver/Src/stm32l4xx_hal_tim_ex.o
                0x080078b8                HAL_TIMEx_BreakCallback
 .text.HAL_TIMEx_Break2Callback
                0x080078cc       0x14 ./Drivers/STM32L4xx_HAL_Driver/Src/stm32l4xx_hal_tim_ex.o
                0x080078cc                HAL_TIMEx_Break2Callback
 .text.HAL_UART_Init
                0x080078e0       0x9c ./Drivers/STM32L4xx_HAL_Driver/Src/stm32l4xx_hal_uart.o
                0x080078e0                HAL_UART_Init
 .text.UART_SetConfig
                0x0800797c      0x570 ./Drivers/STM32L4xx_HAL_Driver/Src/stm32l4xx_hal_uart.o
                0x0800797c                UART_SetConfig
 .text.UART_AdvFeatureConfig
                0x08007eec      0x144 ./Drivers/STM32L4xx_HAL_Driver/Src/stm32l4xx_hal_uart.o
                0x08007eec                UART_AdvFeatureConfig
 .text.UART_CheckIdleState
                0x08008030      0x150 ./Drivers/STM32L4xx_HAL_Driver/Src/stm32l4xx_hal_uart.o
                0x08008030                UART_CheckIdleState
 .text.UART_WaitOnFlagUntilTimeout
                0x08008180       0xda ./Drivers/STM32L4xx_HAL_Driver/Src/stm32l4xx_hal_uart.o
                0x08008180                UART_WaitOnFlagUntilTimeout
 .text.UART_EndRxTransfer
                0x0800825a       0xc8 ./Drivers/STM32L4xx_HAL_Driver/Src/stm32l4xx_hal_uart.o
 .text.USB_CoreInit
                0x08008322       0x5a ./Drivers/STM32L4xx_HAL_Driver/Src/stm32l4xx_ll_usb.o
                0x08008322                USB_CoreInit
 .text.USB_SetTurnaroundTime
                0x0800837c      0x138 ./Drivers/STM32L4xx_HAL_Driver/Src/stm32l4xx_ll_usb.o
                0x0800837c                USB_SetTurnaroundTime
 .text.USB_EnableGlobalInt
                0x080084b4       0x22 ./Drivers/STM32L4xx_HAL_Driver/Src/stm32l4xx_ll_usb.o
                0x080084b4                USB_EnableGlobalInt
 .text.USB_DisableGlobalInt
                0x080084d6       0x22 ./Drivers/STM32L4xx_HAL_Driver/Src/stm32l4xx_ll_usb.o
                0x080084d6                USB_DisableGlobalInt
 .text.USB_SetCurrentMode
                0x080084f8       0x98 ./Drivers/STM32L4xx_HAL_Driver/Src/stm32l4xx_ll_usb.o
                0x080084f8                USB_SetCurrentMode
 .text.USB_DevInit
                0x08008590      0x290 ./Drivers/STM32L4xx_HAL_Driver/Src/stm32l4xx_ll_usb.o
                0x08008590                USB_DevInit
 .text.USB_FlushTxFifo
                0x08008820       0x64 ./Drivers/STM32L4xx_HAL_Driver/Src/stm32l4xx_ll_usb.o
                0x08008820                USB_FlushTxFifo
 .text.USB_FlushRxFifo
                0x08008884       0x5c ./Drivers/STM32L4xx_HAL_Driver/Src/stm32l4xx_ll_usb.o
                0x08008884                USB_FlushRxFifo
 .text.USB_SetDevSpeed
                0x080088e0       0x32 ./Drivers/STM32L4xx_HAL_Driver/Src/stm32l4xx_ll_usb.o
                0x080088e0                USB_SetDevSpeed
 .text.USB_GetDevSpeed
                0x08008912       0x3e ./Drivers/STM32L4xx_HAL_Driver/Src/stm32l4xx_ll_usb.o
                0x08008912                USB_GetDevSpeed
 .text.USB_ActivateEndpoint
                0x08008950      0x10e ./Drivers/STM32L4xx_HAL_Driver/Src/stm32l4xx_ll_usb.o
                0x08008950                USB_ActivateEndpoint
 *fill*         0x08008a5e        0x2 
 .text.USB_DeactivateEndpoint
                0x08008a60      0x1b8 ./Drivers/STM32L4xx_HAL_Driver/Src/stm32l4xx_ll_usb.o
                0x08008a60                USB_DeactivateEndpoint
 .text.USB_EPStartXfer
                0x08008c18      0x470 ./Drivers/STM32L4xx_HAL_Driver/Src/stm32l4xx_ll_usb.o
                0x08008c18                USB_EPStartXfer
 .text.USB_EPStopXfer
                0x08009088      0x154 ./Drivers/STM32L4xx_HAL_Driver/Src/stm32l4xx_ll_usb.o
                0x08009088                USB_EPStopXfer
 .text.USB_WritePacket
                0x080091dc       0x74 ./Drivers/STM32L4xx_HAL_Driver/Src/stm32l4xx_ll_usb.o
                0x080091dc                USB_WritePacket
 .text.USB_ReadPacket
                0x08009250       0xb0 ./Drivers/STM32L4xx_HAL_Driver/Src/stm32l4xx_ll_usb.o
                0x08009250                USB_ReadPacket
 .text.USB_EPSetStall
                0x08009300       0xdc ./Drivers/STM32L4xx_HAL_Driver/Src/stm32l4xx_ll_usb.o
                0x08009300                USB_EPSetStall
 .text.USB_EPClearStall
                0x080093dc       0xcc ./Drivers/STM32L4xx_HAL_Driver/Src/stm32l4xx_ll_usb.o
                0x080093dc                USB_EPClearStall
 .text.USB_SetDevAddress
                0x080094a8       0x4c ./Drivers/STM32L4xx_HAL_Driver/Src/stm32l4xx_ll_usb.o
                0x080094a8                USB_SetDevAddress
 .text.USB_DevConnect
                0x080094f4       0x42 ./Drivers/STM32L4xx_HAL_Driver/Src/stm32l4xx_ll_usb.o
                0x080094f4                USB_DevConnect
 .text.USB_DevDisconnect
                0x08009536       0x42 ./Drivers/STM32L4xx_HAL_Driver/Src/stm32l4xx_ll_usb.o
                0x08009536                USB_DevDisconnect
 .text.USB_ReadInterrupts
                0x08009578       0x26 ./Drivers/STM32L4xx_HAL_Driver/Src/stm32l4xx_ll_usb.o
                0x08009578                USB_ReadInterrupts
 .text.USB_ReadDevAllOutEpInterrupt
                0x0800959e       0x34 ./Drivers/STM32L4xx_HAL_Driver/Src/stm32l4xx_ll_usb.o
                0x0800959e                USB_ReadDevAllOutEpInterrupt
 .text.USB_ReadDevAllInEpInterrupt
                0x080095d2       0x34 ./Drivers/STM32L4xx_HAL_Driver/Src/stm32l4xx_ll_usb.o
                0x080095d2                USB_ReadDevAllInEpInterrupt
 .text.USB_ReadDevOutEPInterrupt
                0x08009606       0x3c ./Drivers/STM32L4xx_HAL_Driver/Src/stm32l4xx_ll_usb.o
                0x08009606                USB_ReadDevOutEPInterrupt
 .text.USB_ReadDevInEPInterrupt
                0x08009642       0x5c ./Drivers/STM32L4xx_HAL_Driver/Src/stm32l4xx_ll_usb.o
                0x08009642                USB_ReadDevInEPInterrupt
 .text.USB_GetMode
                0x0800969e       0x1c ./Drivers/STM32L4xx_HAL_Driver/Src/stm32l4xx_ll_usb.o
                0x0800969e                USB_GetMode
 .text.USB_ActivateSetup
                0x080096ba       0x46 ./Drivers/STM32L4xx_HAL_Driver/Src/stm32l4xx_ll_usb.o
                0x080096ba                USB_ActivateSetup
 .text.USB_EP0_OutStart
                0x08009700       0x90 ./Drivers/STM32L4xx_HAL_Driver/Src/stm32l4xx_ll_usb.o
                0x08009700                USB_EP0_OutStart
 .text.USB_CoreReset
                0x08009790       0x62 ./Drivers/STM32L4xx_HAL_Driver/Src/stm32l4xx_ll_usb.o
 *fill*         0x080097f2        0x2 
 .text.USBD_AUDIO_Init
                0x080097f4      0x13c ./Middlewares/ST/STM32_USB_Device_Library/Class/AUDIO/Src/usbd_audio.o
 .text.USBD_AUDIO_DeInit
                0x08009930       0xb4 ./Middlewares/ST/STM32_USB_Device_Library/Class/AUDIO/Src/usbd_audio.o
 .text.USBD_AUDIO_Setup
                0x080099e4      0x1b8 ./Middlewares/ST/STM32_USB_Device_Library/Class/AUDIO/Src/usbd_audio.o
 .text.USBD_AUDIO_GetCfgDesc
                0x08009b9c       0x20 ./Middlewares/ST/STM32_USB_Device_Library/Class/AUDIO/Src/usbd_audio.o
 .text.USBD_AUDIO_DataIn
                0x08009bbc       0x1a ./Middlewares/ST/STM32_USB_Device_Library/Class/AUDIO/Src/usbd_audio.o
 .text.USBD_AUDIO_EP0_RxReady
                0x08009bd6       0x80 ./Middlewares/ST/STM32_USB_Device_Library/Class/AUDIO/Src/usbd_audio.o
 .text.USBD_AUDIO_EP0_TxReady
                0x08009c56       0x16 ./Middlewares/ST/STM32_USB_Device_Library/Class/AUDIO/Src/usbd_audio.o
 .text.USBD_AUDIO_SOF
                0x08009c6c       0x16 ./Middlewares/ST/STM32_USB_Device_Library/Class/AUDIO/Src/usbd_audio.o
 .text.USBD_AUDIO_IsoINIncomplete
                0x08009c82       0x1a ./Middlewares/ST/STM32_USB_Device_Library/Class/AUDIO/Src/usbd_audio.o
 .text.USBD_AUDIO_IsoOutIncomplete
                0x08009c9c       0x58 ./Middlewares/ST/STM32_USB_Device_Library/Class/AUDIO/Src/usbd_audio.o
 .text.USBD_AUDIO_DataOut
                0x08009cf4      0x12c ./Middlewares/ST/STM32_USB_Device_Library/Class/AUDIO/Src/usbd_audio.o
 .text.AUDIO_REQ_GetCurrent
                0x08009e20       0x58 ./Middlewares/ST/STM32_USB_Device_Library/Class/AUDIO/Src/usbd_audio.o
 .text.AUDIO_REQ_SetCurrent
                0x08009e78       0x88 ./Middlewares/ST/STM32_USB_Device_Library/Class/AUDIO/Src/usbd_audio.o
 .text.USBD_AUDIO_GetDeviceQualifierDesc
                0x08009f00       0x20 ./Middlewares/ST/STM32_USB_Device_Library/Class/AUDIO/Src/usbd_audio.o
 .text.USBD_AUDIO_RegisterInterface
                0x08009f20       0x34 ./Middlewares/ST/STM32_USB_Device_Library/Class/AUDIO/Src/usbd_audio.o
                0x08009f20                USBD_AUDIO_RegisterInterface
 .text.USBD_AUDIO_GetAudioHeaderDesc
                0x08009f54       0x64 ./Middlewares/ST/STM32_USB_Device_Library/Class/AUDIO/Src/usbd_audio.o
 .text.USBD_Init
                0x08009fb8       0x60 ./Middlewares/ST/STM32_USB_Device_Library/Core/Src/usbd_core.o
                0x08009fb8                USBD_Init
 .text.USBD_RegisterClass
                0x0800a018       0x6c ./Middlewares/ST/STM32_USB_Device_Library/Core/Src/usbd_core.o
                0x0800a018                USBD_RegisterClass
 .text.USBD_Start
                0x0800a084       0x18 ./Middlewares/ST/STM32_USB_Device_Library/Core/Src/usbd_core.o
                0x0800a084                USBD_Start
 .text.USBD_RunTestMode
                0x0800a09c       0x16 ./Middlewares/ST/STM32_USB_Device_Library/Core/Src/usbd_core.o
                0x0800a09c                USBD_RunTestMode
 .text.USBD_SetClassConfig
                0x0800a0b2       0x38 ./Middlewares/ST/STM32_USB_Device_Library/Core/Src/usbd_core.o
                0x0800a0b2                USBD_SetClassConfig
 .text.USBD_ClrClassConfig
                0x0800a0ea       0x34 ./Middlewares/ST/STM32_USB_Device_Library/Core/Src/usbd_core.o
                0x0800a0ea                USBD_ClrClassConfig
 .text.USBD_LL_SetupStage
                0x0800a11e       0xaa ./Middlewares/ST/STM32_USB_Device_Library/Core/Src/usbd_core.o
                0x0800a11e                USBD_LL_SetupStage
 .text.USBD_LL_DataOutStage
                0x0800a1c8      0x166 ./Middlewares/ST/STM32_USB_Device_Library/Core/Src/usbd_core.o
                0x0800a1c8                USBD_LL_DataOutStage
 .text.USBD_LL_DataInStage
                0x0800a32e      0x164 ./Middlewares/ST/STM32_USB_Device_Library/Core/Src/usbd_core.o
                0x0800a32e                USBD_LL_DataInStage
 .text.USBD_LL_Reset
                0x0800a492       0xa4 ./Middlewares/ST/STM32_USB_Device_Library/Core/Src/usbd_core.o
                0x0800a492                USBD_LL_Reset
 .text.USBD_LL_SetSpeed
                0x0800a536       0x20 ./Middlewares/ST/STM32_USB_Device_Library/Core/Src/usbd_core.o
                0x0800a536                USBD_LL_SetSpeed
 .text.USBD_LL_Suspend
                0x0800a556       0x38 ./Middlewares/ST/STM32_USB_Device_Library/Core/Src/usbd_core.o
                0x0800a556                USBD_LL_Suspend
 .text.USBD_LL_Resume
                0x0800a58e       0x30 ./Middlewares/ST/STM32_USB_Device_Library/Core/Src/usbd_core.o
                0x0800a58e                USBD_LL_Resume
 .text.USBD_LL_SOF
                0x0800a5be       0x40 ./Middlewares/ST/STM32_USB_Device_Library/Core/Src/usbd_core.o
                0x0800a5be                USBD_LL_SOF
 .text.USBD_LL_IsoINIncomplete
                0x0800a5fe       0x64 ./Middlewares/ST/STM32_USB_Device_Library/Core/Src/usbd_core.o
                0x0800a5fe                USBD_LL_IsoINIncomplete
 .text.USBD_LL_IsoOUTIncomplete
                0x0800a662       0x64 ./Middlewares/ST/STM32_USB_Device_Library/Core/Src/usbd_core.o
                0x0800a662                USBD_LL_IsoOUTIncomplete
 .text.USBD_LL_DevConnected
                0x0800a6c6       0x16 ./Middlewares/ST/STM32_USB_Device_Library/Core/Src/usbd_core.o
                0x0800a6c6                USBD_LL_DevConnected
 .text.USBD_LL_DevDisconnected
                0x0800a6dc       0x46 ./Middlewares/ST/STM32_USB_Device_Library/Core/Src/usbd_core.o
                0x0800a6dc                USBD_LL_DevDisconnected
 .text.USBD_CoreFindIF
                0x0800a722       0x1a ./Middlewares/ST/STM32_USB_Device_Library/Core/Src/usbd_core.o
                0x0800a722                USBD_CoreFindIF
 .text.USBD_CoreFindEP
                0x0800a73c       0x1a ./Middlewares/ST/STM32_USB_Device_Library/Core/Src/usbd_core.o
                0x0800a73c                USBD_CoreFindEP
 .text.USBD_GetNextDesc
                0x0800a756       0x38 ./Middlewares/ST/STM32_USB_Device_Library/Core/Src/usbd_core.o
                0x0800a756                USBD_GetNextDesc
 .text.SWAPBYTE
                0x0800a78e       0x3c ./Middlewares/ST/STM32_USB_Device_Library/Core/Src/usbd_ctlreq.o
 *fill*         0x0800a7ca        0x2 
 .text.USBD_StdDevReq
                0x0800a7cc       0xe4 ./Middlewares/ST/STM32_USB_Device_Library/Core/Src/usbd_ctlreq.o
                0x0800a7cc                USBD_StdDevReq
 .text.USBD_StdItfReq
                0x0800a8b0       0xd8 ./Middlewares/ST/STM32_USB_Device_Library/Core/Src/usbd_ctlreq.o
                0x0800a8b0                USBD_StdItfReq
 .text.USBD_StdEPReq
                0x0800a988      0x33a ./Middlewares/ST/STM32_USB_Device_Library/Core/Src/usbd_ctlreq.o
                0x0800a988                USBD_StdEPReq
 *fill*         0x0800acc2        0x2 
 .text.USBD_GetDescriptor
                0x0800acc4      0x328 ./Middlewares/ST/STM32_USB_Device_Library/Core/Src/usbd_ctlreq.o
 .text.USBD_SetAddress
                0x0800afec       0x88 ./Middlewares/ST/STM32_USB_Device_Library/Core/Src/usbd_ctlreq.o
 .text.USBD_SetConfig
                0x0800b074      0x154 ./Middlewares/ST/STM32_USB_Device_Library/Core/Src/usbd_ctlreq.o
 .text.USBD_GetConfig
                0x0800b1c8       0x6c ./Middlewares/ST/STM32_USB_Device_Library/Core/Src/usbd_ctlreq.o
 .text.USBD_GetStatus
                0x0800b234       0x68 ./Middlewares/ST/STM32_USB_Device_Library/Core/Src/usbd_ctlreq.o
 .text.USBD_SetFeature
                0x0800b29c       0x52 ./Middlewares/ST/STM32_USB_Device_Library/Core/Src/usbd_ctlreq.o
 .text.USBD_ClrFeature
                0x0800b2ee       0x44 ./Middlewares/ST/STM32_USB_Device_Library/Core/Src/usbd_ctlreq.o
 .text.USBD_ParseSetupRequest
                0x0800b332       0x74 ./Middlewares/ST/STM32_USB_Device_Library/Core/Src/usbd_ctlreq.o
                0x0800b332                USBD_ParseSetupRequest
 .text.USBD_CtlError
                0x0800b3a6       0x22 ./Middlewares/ST/STM32_USB_Device_Library/Core/Src/usbd_ctlreq.o
                0x0800b3a6                USBD_CtlError
 .text.USBD_GetString
                0x0800b3c8       0xa4 ./Middlewares/ST/STM32_USB_Device_Library/Core/Src/usbd_ctlreq.o
                0x0800b3c8                USBD_GetString
 .text.USBD_GetLen
                0x0800b46c       0x34 ./Middlewares/ST/STM32_USB_Device_Library/Core/Src/usbd_ctlreq.o
 .text.USBD_CtlSendData
                0x0800b4a0       0x36 ./Middlewares/ST/STM32_USB_Device_Library/Core/Src/usbd_ioreq.o
                0x0800b4a0                USBD_CtlSendData
 .text.USBD_CtlContinueSendData
                0x0800b4d6       0x22 ./Middlewares/ST/STM32_USB_Device_Library/Core/Src/usbd_ioreq.o
                0x0800b4d6                USBD_CtlContinueSendData
 .text.USBD_CtlPrepareRx
                0x0800b4f8       0x3a ./Middlewares/ST/STM32_USB_Device_Library/Core/Src/usbd_ioreq.o
                0x0800b4f8                USBD_CtlPrepareRx
 .text.USBD_CtlContinueRx
                0x0800b532       0x22 ./Middlewares/ST/STM32_USB_Device_Library/Core/Src/usbd_ioreq.o
                0x0800b532                USBD_CtlContinueRx
 .text.USBD_CtlSendStatus
                0x0800b554       0x26 ./Middlewares/ST/STM32_USB_Device_Library/Core/Src/usbd_ioreq.o
                0x0800b554                USBD_CtlSendStatus
 .text.USBD_CtlReceiveStatus
                0x0800b57a       0x26 ./Middlewares/ST/STM32_USB_Device_Library/Core/Src/usbd_ioreq.o
                0x0800b57a                USBD_CtlReceiveStatus
 .text.MX_USB_DEVICE_Init
                0x0800b5a0       0x60 ./USB_DEVICE/App/usb_device.o
                0x0800b5a0                MX_USB_DEVICE_Init
 .text.AUDIO_Init_FS
                0x0800b600       0x1a ./USB_DEVICE/App/usbd_audio_if.o
 .text.AUDIO_DeInit_FS
                0x0800b61a       0x16 ./USB_DEVICE/App/usbd_audio_if.o
 .text.AUDIO_AudioCmd_FS
                0x0800b630       0x28 ./USB_DEVICE/App/usbd_audio_if.o
 .text.AUDIO_VolumeCtl_FS
                0x0800b658       0x18 ./USB_DEVICE/App/usbd_audio_if.o
 .text.AUDIO_MuteCtl_FS
                0x0800b670       0x18 ./USB_DEVICE/App/usbd_audio_if.o
 .text.AUDIO_PeriodicTC_FS
                0x0800b688       0x7c ./USB_DEVICE/App/usbd_audio_if.o
 .text.AUDIO_GetState_FS
                0x0800b704       0x10 ./USB_DEVICE/App/usbd_audio_if.o
 .text.USBD_FS_DeviceDescriptor
                0x0800b714       0x24 ./USB_DEVICE/App/usbd_desc.o
                0x0800b714                USBD_FS_DeviceDescriptor
 .text.USBD_FS_LangIDStrDescriptor
                0x0800b738       0x24 ./USB_DEVICE/App/usbd_desc.o
                0x0800b738                USBD_FS_LangIDStrDescriptor
 .text.USBD_FS_ProductStrDescriptor
                0x0800b75c       0x3c ./USB_DEVICE/App/usbd_desc.o
                0x0800b75c                USBD_FS_ProductStrDescriptor
 .text.USBD_FS_ManufacturerStrDescriptor
                0x0800b798       0x28 ./USB_DEVICE/App/usbd_desc.o
                0x0800b798                USBD_FS_ManufacturerStrDescriptor
 .text.USBD_FS_SerialStrDescriptor
                0x0800b7c0       0x24 ./USB_DEVICE/App/usbd_desc.o
                0x0800b7c0                USBD_FS_SerialStrDescriptor
 .text.USBD_FS_ConfigStrDescriptor
                0x0800b7e4       0x3c ./USB_DEVICE/App/usbd_desc.o
                0x0800b7e4                USBD_FS_ConfigStrDescriptor
 .text.USBD_FS_InterfaceStrDescriptor
                0x0800b820       0x3c ./USB_DEVICE/App/usbd_desc.o
                0x0800b820                USBD_FS_InterfaceStrDescriptor
 .text.USBD_FS_USR_BOSDescriptor
                0x0800b85c       0x24 ./USB_DEVICE/App/usbd_desc.o
                0x0800b85c                USBD_FS_USR_BOSDescriptor
 .text.Get_SerialNum
                0x0800b880       0x58 ./USB_DEVICE/App/usbd_desc.o
 .text.IntToUnicode
                0x0800b8d8       0x7e ./USB_DEVICE/App/usbd_desc.o
 *fill*         0x0800b956        0x2 
 .text.HAL_PCD_MspInit
                0x0800b958       0xe8 ./USB_DEVICE/Target/usbd_conf.o
                0x0800b958                HAL_PCD_MspInit
 .text.HAL_PCD_SetupStageCallback
                0x0800ba40       0x24 ./USB_DEVICE/Target/usbd_conf.o
                0x0800ba40                HAL_PCD_SetupStageCallback
 .text.HAL_PCD_DataOutStageCallback
                0x0800ba64       0x36 ./USB_DEVICE/Target/usbd_conf.o
                0x0800ba64                HAL_PCD_DataOutStageCallback
 .text.HAL_PCD_DataInStageCallback
                0x0800ba9a       0x34 ./USB_DEVICE/Target/usbd_conf.o
                0x0800ba9a                HAL_PCD_DataInStageCallback
 .text.HAL_PCD_SOFCallback
                0x0800bace       0x1c ./USB_DEVICE/Target/usbd_conf.o
                0x0800bace                HAL_PCD_SOFCallback
 .text.HAL_PCD_ResetCallback
                0x0800baea       0x3c ./USB_DEVICE/Target/usbd_conf.o
                0x0800baea                HAL_PCD_ResetCallback
 *fill*         0x0800bb26        0x2 
 .text.HAL_PCD_SuspendCallback
                0x0800bb28       0x4c ./USB_DEVICE/Target/usbd_conf.o
                0x0800bb28                HAL_PCD_SuspendCallback
 .text.HAL_PCD_ResumeCallback
                0x0800bb74       0x50 ./USB_DEVICE/Target/usbd_conf.o
                0x0800bb74                HAL_PCD_ResumeCallback
 .text.HAL_PCD_ISOOUTIncompleteCallback
                0x0800bbc4       0x24 ./USB_DEVICE/Target/usbd_conf.o
                0x0800bbc4                HAL_PCD_ISOOUTIncompleteCallback
 .text.HAL_PCD_ISOINIncompleteCallback
                0x0800bbe8       0x24 ./USB_DEVICE/Target/usbd_conf.o
                0x0800bbe8                HAL_PCD_ISOINIncompleteCallback
 .text.HAL_PCD_ConnectCallback
                0x0800bc0c       0x1c ./USB_DEVICE/Target/usbd_conf.o
                0x0800bc0c                HAL_PCD_ConnectCallback
 .text.HAL_PCD_DisconnectCallback
                0x0800bc28       0x1c ./USB_DEVICE/Target/usbd_conf.o
                0x0800bc28                HAL_PCD_DisconnectCallback
 .text.USBD_LL_Init
                0x0800bc44       0x98 ./USB_DEVICE/Target/usbd_conf.o
                0x0800bc44                USBD_LL_Init
 .text.USBD_LL_Start
                0x0800bcdc       0x64 ./USB_DEVICE/Target/usbd_conf.o
                0x0800bcdc                USBD_LL_Start
 .text.USBD_LL_OpenEP
                0x0800bd40       0x7c ./USB_DEVICE/Target/usbd_conf.o
                0x0800bd40                USBD_LL_OpenEP
 .text.USBD_LL_CloseEP
                0x0800bdbc       0x6c ./USB_DEVICE/Target/usbd_conf.o
                0x0800bdbc                USBD_LL_CloseEP
 .text.USBD_LL_StallEP
                0x0800be28       0x6c ./USB_DEVICE/Target/usbd_conf.o
                0x0800be28                USBD_LL_StallEP
 .text.USBD_LL_ClearStallEP
                0x0800be94       0x6c ./USB_DEVICE/Target/usbd_conf.o
                0x0800be94                USBD_LL_ClearStallEP
 .text.USBD_LL_IsStallEP
                0x0800bf00       0x58 ./USB_DEVICE/Target/usbd_conf.o
                0x0800bf00                USBD_LL_IsStallEP
 .text.USBD_LL_SetUSBAddress
                0x0800bf58       0x6c ./USB_DEVICE/Target/usbd_conf.o
                0x0800bf58                USBD_LL_SetUSBAddress
 .text.USBD_LL_Transmit
                0x0800bfc4       0x70 ./USB_DEVICE/Target/usbd_conf.o
                0x0800bfc4                USBD_LL_Transmit
 .text.USBD_LL_PrepareReceive
                0x0800c034       0x70 ./USB_DEVICE/Target/usbd_conf.o
                0x0800c034                USBD_LL_PrepareReceive
 .text.USBD_LL_GetRxDataSize
                0x0800c0a4       0x26 ./USB_DEVICE/Target/usbd_conf.o
                0x0800c0a4                USBD_LL_GetRxDataSize
 *fill*         0x0800c0ca        0x2 
 .text.HAL_PCDEx_LPM_Callback
                0x0800c0cc       0x9c ./USB_DEVICE/Target/usbd_conf.o
                0x0800c0cc                HAL_PCDEx_LPM_Callback
 .text.USBD_static_malloc
                0x0800c168       0x1c ./USB_DEVICE/Target/usbd_conf.o
                0x0800c168                USBD_static_malloc
 .text.USBD_static_free
                0x0800c184       0x14 ./USB_DEVICE/Target/usbd_conf.o
                0x0800c184                USBD_static_free
 .text.SystemClockConfig_Resume
                0x0800c198        0xc ./USB_DEVICE/Target/usbd_conf.o
 .text.memset   0x0800c1a4       0x10 /opt/st/stm32cubeide_1.17.0/plugins/com.st.stm32cube.ide.mcu.externaltools.gnu-tools-for-stm32.12.3.rel1.linux64_1.1.0.202410170702/tools/bin/../lib/gcc/arm-none-eabi/12.3.1/../../../../arm-none-eabi/lib/thumb/v7e-m+fp/hard/libc_nano.a(libc_a-memset.o)
                0x0800c1a4                memset
 .text.__libc_init_array
                0x0800c1b4       0x48 /opt/st/stm32cubeide_1.17.0/plugins/com.st.stm32cube.ide.mcu.externaltools.gnu-tools-for-stm32.12.3.rel1.linux64_1.1.0.202410170702/tools/bin/../lib/gcc/arm-none-eabi/12.3.1/../../../../arm-none-eabi/lib/thumb/v7e-m+fp/hard/libc_nano.a(libc_a-init.o)
                0x0800c1b4                __libc_init_array
 *(.glue_7)
 .glue_7        0x0800c1fc        0x0 linker stubs
 *(.glue_7t)
 .glue_7t       0x0800c1fc        0x0 linker stubs
 *(.eh_frame)
 .eh_frame      0x0800c1fc        0x0 /opt/st/stm32cubeide_1.17.0/plugins/com.st.stm32cube.ide.mcu.externaltools.gnu-tools-for-stm32.12.3.rel1.linux64_1.1.0.202410170702/tools/bin/../lib/gcc/arm-none-eabi/12.3.1/thumb/v7e-m+fp/hard/crtbegin.o
 *(.init)
 .init          0x0800c1fc        0x4 /opt/st/stm32cubeide_1.17.0/plugins/com.st.stm32cube.ide.mcu.externaltools.gnu-tools-for-stm32.12.3.rel1.linux64_1.1.0.202410170702/tools/bin/../lib/gcc/arm-none-eabi/12.3.1/thumb/v7e-m+fp/hard/crti.o
                0x0800c1fc                _init
 .init          0x0800c200        0x8 /opt/st/stm32cubeide_1.17.0/plugins/com.st.stm32cube.ide.mcu.externaltools.gnu-tools-for-stm32.12.3.rel1.linux64_1.1.0.202410170702/tools/bin/../lib/gcc/arm-none-eabi/12.3.1/thumb/v7e-m+fp/hard/crtn.o
 *(.fini)
 .fini          0x0800c208        0x4 /opt/st/stm32cubeide_1.17.0/plugins/com.st.stm32cube.ide.mcu.externaltools.gnu-tools-for-stm32.12.3.rel1.linux64_1.1.0.202410170702/tools/bin/../lib/gcc/arm-none-eabi/12.3.1/thumb/v7e-m+fp/hard/crti.o
                0x0800c208                _fini
 .fini          0x0800c20c        0x8 /opt/st/stm32cubeide_1.17.0/plugins/com.st.stm32cube.ide.mcu.externaltools.gnu-tools-for-stm32.12.3.rel1.linux64_1.1.0.202410170702/tools/bin/../lib/gcc/arm-none-eabi/12.3.1/thumb/v7e-m+fp/hard/crtn.o
                0x0800c214                        . = ALIGN (0x4)
                0x0800c214                        _etext = .

.vfp11_veneer   0x0800c214        0x0
 .vfp11_veneer  0x0800c214        0x0 linker stubs

.v4_bx          0x0800c214        0x0
 .v4_bx         0x0800c214        0x0 linker stubs

.iplt           0x0800c214        0x0
 .iplt          0x0800c214        0x0 /opt/st/stm32cubeide_1.17.0/plugins/com.st.stm32cube.ide.mcu.externaltools.gnu-tools-for-stm32.12.3.rel1.linux64_1.1.0.202410170702/tools/bin/../lib/gcc/arm-none-eabi/12.3.1/thumb/v7e-m+fp/hard/crtbegin.o

.rodata         0x0800c214       0x90
                0x0800c214                        . = ALIGN (0x4)
 *(.rodata)
 .rodata        0x0800c214       0x48 ./USB_DEVICE/App/usbd_desc.o
 *(.rodata*)
 .rodata.AHBPrescTable
                0x0800c25c       0x10 ./Core/Src/system_stm32l4xx.o
                0x0800c25c                AHBPrescTable
 .rodata.APBPrescTable
                0x0800c26c        0x8 ./Core/Src/system_stm32l4xx.o
                0x0800c26c                APBPrescTable
 .rodata.MSIRangeTable
                0x0800c274       0x30 ./Core/Src/system_stm32l4xx.o
                0x0800c274                MSIRangeTable
                0x0800c2a4                        . = ALIGN (0x4)

.ARM.extab      0x0800c2a4        0x0
                0x0800c2a4                        . = ALIGN (0x4)
 *(.ARM.extab* .gnu.linkonce.armextab.*)
                0x0800c2a4                        . = ALIGN (0x4)

.ARM            0x0800c2a4        0x8
                0x0800c2a4                        . = ALIGN (0x4)
                0x0800c2a4                        __exidx_start = .
 *(.ARM.exidx*)
 .ARM.exidx     0x0800c2a4        0x8 /opt/st/stm32cubeide_1.17.0/plugins/com.st.stm32cube.ide.mcu.externaltools.gnu-tools-for-stm32.12.3.rel1.linux64_1.1.0.202410170702/tools/bin/../lib/gcc/arm-none-eabi/12.3.1/thumb/v7e-m+fp/hard/libgcc.a(_udivmoddi4.o)
                0x0800c2ac                        __exidx_end = .
                0x0800c2ac                        . = ALIGN (0x4)

.preinit_array  0x0800c2ac        0x0
                0x0800c2ac                        . = ALIGN (0x4)
                0x0800c2ac                        PROVIDE (__preinit_array_start = .)
 *(.preinit_array*)
                0x0800c2ac                        PROVIDE (__preinit_array_end = .)
                0x0800c2ac                        . = ALIGN (0x4)

.init_array     0x0800c2ac        0x4
                0x0800c2ac                        . = ALIGN (0x4)
                0x0800c2ac                        PROVIDE (__init_array_start = .)
 *(SORT_BY_NAME(.init_array.*))
 *(.init_array*)
 .init_array    0x0800c2ac        0x4 /opt/st/stm32cubeide_1.17.0/plugins/com.st.stm32cube.ide.mcu.externaltools.gnu-tools-for-stm32.12.3.rel1.linux64_1.1.0.202410170702/tools/bin/../lib/gcc/arm-none-eabi/12.3.1/thumb/v7e-m+fp/hard/crtbegin.o
                0x0800c2b0                        PROVIDE (__init_array_end = .)
                0x0800c2b0                        . = ALIGN (0x4)

.fini_array     0x0800c2b0        0x4
                0x0800c2b0                        . = ALIGN (0x4)
                [!provide]                        PROVIDE (__fini_array_start = .)
 *(SORT_BY_NAME(.fini_array.*))
 *(.fini_array*)
 .fini_array    0x0800c2b0        0x4 /opt/st/stm32cubeide_1.17.0/plugins/com.st.stm32cube.ide.mcu.externaltools.gnu-tools-for-stm32.12.3.rel1.linux64_1.1.0.202410170702/tools/bin/../lib/gcc/arm-none-eabi/12.3.1/thumb/v7e-m+fp/hard/crtbegin.o
                [!provide]                        PROVIDE (__fini_array_end = .)
                0x0800c2b4                        . = ALIGN (0x4)
                0x0800c2b4                        _sidata = LOADADDR (.data)

.rel.dyn        0x0800c2b4        0x0
 .rel.iplt      0x0800c2b4        0x0 /opt/st/stm32cubeide_1.17.0/plugins/com.st.stm32cube.ide.mcu.externaltools.gnu-tools-for-stm32.12.3.rel1.linux64_1.1.0.202410170702/tools/bin/../lib/gcc/arm-none-eabi/12.3.1/thumb/v7e-m+fp/hard/crtbegin.o

.data           0x20000000      0x144 load address 0x0800c2b4
                0x20000000                        . = ALIGN (0x4)
                0x20000000                        _sdata = .
 *(.data)
 *(.data*)
 .data.ganancia
                0x20000000        0x4 ./Core/Src/stm32l4xx_it.o
                0x20000000                ganancia
 .data.efecto   0x20000004        0x1 ./Core/Src/stm32l4xx_it.o
                0x20000004                efecto
 *fill*         0x20000005        0x3 
 .data.SystemCoreClock
                0x20000008        0x4 ./Core/Src/system_stm32l4xx.o
                0x20000008                SystemCoreClock
 .data.uwTickPrio
                0x2000000c        0x4 ./Drivers/STM32L4xx_HAL_Driver/Src/stm32l4xx_hal.o
                0x2000000c                uwTickPrio
 .data.uwTickFreq
                0x20000010        0x1 ./Drivers/STM32L4xx_HAL_Driver/Src/stm32l4xx_hal.o
                0x20000010                uwTickFreq
 *fill*         0x20000011        0x3 
 .data.USBD_AUDIO
                0x20000014       0x38 ./Middlewares/ST/STM32_USB_Device_Library/Class/AUDIO/Src/usbd_audio.o
                0x20000014                USBD_AUDIO
 .data.USBD_AUDIO_CfgDesc
                0x2000004c       0x6d ./Middlewares/ST/STM32_USB_Device_Library/Class/AUDIO/Src/usbd_audio.o
 *fill*         0x200000b9        0x3 
 .data.USBD_AUDIO_DeviceQualifierDesc
                0x200000bc        0xa ./Middlewares/ST/STM32_USB_Device_Library/Class/AUDIO/Src/usbd_audio.o
 .data.AUDIOOutEpAdd
                0x200000c6        0x1 ./Middlewares/ST/STM32_USB_Device_Library/Class/AUDIO/Src/usbd_audio.o
 *fill*         0x200000c7        0x1 
 .data.USBD_AUDIO_fops_FS
                0x200000c8       0x1c ./USB_DEVICE/App/usbd_audio_if.o
                0x200000c8                USBD_AUDIO_fops_FS
 .data.FS_Desc  0x200000e4       0x20 ./USB_DEVICE/App/usbd_desc.o
                0x200000e4                FS_Desc
 .data.USBD_FS_DeviceDesc
                0x20000104       0x12 ./USB_DEVICE/App/usbd_desc.o
                0x20000104                USBD_FS_DeviceDesc
 *fill*         0x20000116        0x2 
 .data.USBD_FS_BOSDesc
                0x20000118        0xc ./USB_DEVICE/App/usbd_desc.o
                0x20000118                USBD_FS_BOSDesc
 .data.USBD_LangIDDesc
                0x20000124        0x4 ./USB_DEVICE/App/usbd_desc.o
                0x20000124                USBD_LangIDDesc
 .data.USBD_StringSerial
                0x20000128       0x1a ./USB_DEVICE/App/usbd_desc.o
                0x20000128                USBD_StringSerial
 *(.RamFunc)
 *(.RamFunc*)
                0x20000144                        . = ALIGN (0x4)
 *fill*         0x20000142        0x2 
                0x20000144                        _edata = .

.igot.plt       0x20000144        0x0 load address 0x0800c3f8
 .igot.plt      0x20000144        0x0 /opt/st/stm32cubeide_1.17.0/plugins/com.st.stm32cube.ide.mcu.externaltools.gnu-tools-for-stm32.12.3.rel1.linux64_1.1.0.202410170702/tools/bin/../lib/gcc/arm-none-eabi/12.3.1/thumb/v7e-m+fp/hard/crtbegin.o
                0x20000144                        . = ALIGN (0x4)

.bss            0x20000144     0x5b74 load address 0x0800c3f8
                0x20000144                        _sbss = .
                0x20000144                        __bss_start__ = _sbss
 *(.bss)
 .bss           0x20000144       0x1c /opt/st/stm32cubeide_1.17.0/plugins/com.st.stm32cube.ide.mcu.externaltools.gnu-tools-for-stm32.12.3.rel1.linux64_1.1.0.202410170702/tools/bin/../lib/gcc/arm-none-eabi/12.3.1/thumb/v7e-m+fp/hard/crtbegin.o
 *(.bss*)
 .bss._lcd_char
                0x20000160        0x1 ./Core/Src/hd44780.o
                0x20000160                _lcd_char
 .bss._lcd_line
                0x20000161        0x1 ./Core/Src/hd44780.o
                0x20000161                _lcd_line
 *fill*         0x20000162        0x2 
 .bss.hadc1     0x20000164       0x64 ./Core/Src/main.o
                0x20000164                hadc1
 .bss.hdac1     0x200001c8       0x14 ./Core/Src/main.o
                0x200001c8                hdac1
 .bss.hdfsdm1_channel1
                0x200001dc       0x38 ./Core/Src/main.o
                0x200001dc                hdfsdm1_channel1
 .bss.hi2c2     0x20000214       0x54 ./Core/Src/main.o
                0x20000214                hi2c2
 .bss.hqspi     0x20000268       0x44 ./Core/Src/main.o
                0x20000268                hqspi
 .bss.hspi3     0x200002ac       0x64 ./Core/Src/main.o
                0x200002ac                hspi3
 .bss.htim7     0x20000310       0x4c ./Core/Src/main.o
                0x20000310                htim7
 .bss.huart1    0x2000035c       0x88 ./Core/Src/main.o
                0x2000035c                huart1
 .bss.huart3    0x200003e4       0x88 ./Core/Src/main.o
                0x200003e4                huart3
 .bss.DFSDM1_Init
                0x2000046c        0x4 ./Core/Src/stm32l4xx_hal_msp.o
 .bss.i.0       0x20000470        0x4 ./Core/Src/stm32l4xx_it.o
 .bss.uwTick    0x20000474        0x4 ./Drivers/STM32L4xx_HAL_Driver/Src/stm32l4xx_hal.o
                0x20000474                uwTick
 .bss.v_dfsdm1ChannelCounter
                0x20000478        0x4 ./Drivers/STM32L4xx_HAL_Driver/Src/stm32l4xx_hal_dfsdm.o
 .bss.a_dfsdm1ChannelHandle
                0x2000047c       0x20 ./Drivers/STM32L4xx_HAL_Driver/Src/stm32l4xx_hal_dfsdm.o
 .bss.cfgidx.0  0x2000049c        0x1 ./Middlewares/ST/STM32_USB_Device_Library/Core/Src/usbd_ctlreq.o
 *fill*         0x2000049d        0x3 
 .bss.hUsbDeviceFS
                0x200004a0      0x2dc ./USB_DEVICE/App/usb_device.o
                0x200004a0                hUsbDeviceFS
 .bss.audiobuf  0x2000077c        0x4 ./USB_DEVICE/App/usbd_audio_if.o
                0x2000077c                audiobuf
 .bss.mibuf     0x20000780     0x3000 ./USB_DEVICE/App/usbd_audio_if.o
                0x20000780                mibuf
 .bss.jj        0x20003780        0x1 ./USB_DEVICE/App/usbd_audio_if.o
                0x20003780                jj
 .bss.disponible
                0x20003781        0x1 ./USB_DEVICE/App/usbd_audio_if.o
                0x20003781                disponible
 *fill*         0x20003782        0x2 
 .bss.USBD_StrDesc
                0x20003784      0x200 ./USB_DEVICE/App/usbd_desc.o
                0x20003784                USBD_StrDesc
 .bss.hpcd_USB_OTG_FS
                0x20003984      0x4e4 ./USB_DEVICE/Target/usbd_conf.o
                0x20003984                hpcd_USB_OTG_FS
 .bss.mem.0     0x20003e68     0x1e50 ./USB_DEVICE/Target/usbd_conf.o
 *(COMMON)
                0x20005cb8                        . = ALIGN (0x4)
                0x20005cb8                        _ebss = .
                0x20005cb8                        __bss_end__ = _ebss

._user_heap_stack
                0x20005cb8      0x600 load address 0x0800c3f8
                0x20005cb8                        . = ALIGN (0x8)
                [!provide]                        PROVIDE (end = .)
                0x20005cb8                        PROVIDE (_end = .)
                0x20005eb8                        . = (. + _Min_Heap_Size)
 *fill*         0x20005cb8      0x200 
                0x200062b8                        . = (. + _Min_Stack_Size)
 *fill*         0x20005eb8      0x400 
                0x200062b8                        . = ALIGN (0x8)

/DISCARD/
 libc.a(*)
 libm.a(*)
 libgcc.a(*)

.ARM.attributes
                0x00000000       0x30
 *(.ARM.attributes)
 .ARM.attributes
                0x00000000       0x22 /opt/st/stm32cubeide_1.17.0/plugins/com.st.stm32cube.ide.mcu.externaltools.gnu-tools-for-stm32.12.3.rel1.linux64_1.1.0.202410170702/tools/bin/../lib/gcc/arm-none-eabi/12.3.1/thumb/v7e-m+fp/hard/crti.o
 .ARM.attributes
                0x00000022       0x34 /opt/st/stm32cubeide_1.17.0/plugins/com.st.stm32cube.ide.mcu.externaltools.gnu-tools-for-stm32.12.3.rel1.linux64_1.1.0.202410170702/tools/bin/../lib/gcc/arm-none-eabi/12.3.1/thumb/v7e-m+fp/hard/crtbegin.o
 .ARM.attributes
                0x00000056       0x34 ./Core/Src/hd44780.o
 .ARM.attributes
                0x0000008a       0x34 ./Core/Src/main.o
 .ARM.attributes
                0x000000be       0x34 ./Core/Src/stm32l4xx_hal_msp.o
 .ARM.attributes
                0x000000f2       0x34 ./Core/Src/stm32l4xx_it.o
 .ARM.attributes
                0x00000126       0x34 ./Core/Src/system_stm32l4xx.o
 .ARM.attributes
                0x0000015a       0x21 ./Core/Startup/startup_stm32l475vgtx.o
 .ARM.attributes
                0x0000017b       0x34 ./Drivers/STM32L4xx_HAL_Driver/Src/stm32l4xx_hal.o
 .ARM.attributes
                0x000001af       0x34 ./Drivers/STM32L4xx_HAL_Driver/Src/stm32l4xx_hal_adc.o
 .ARM.attributes
                0x000001e3       0x34 ./Drivers/STM32L4xx_HAL_Driver/Src/stm32l4xx_hal_adc_ex.o
 .ARM.attributes
                0x00000217       0x34 ./Drivers/STM32L4xx_HAL_Driver/Src/stm32l4xx_hal_cortex.o
 .ARM.attributes
                0x0000024b       0x34 ./Drivers/STM32L4xx_HAL_Driver/Src/stm32l4xx_hal_dac.o
 .ARM.attributes
                0x0000027f       0x34 ./Drivers/STM32L4xx_HAL_Driver/Src/stm32l4xx_hal_dfsdm.o
 .ARM.attributes
                0x000002b3       0x34 ./Drivers/STM32L4xx_HAL_Driver/Src/stm32l4xx_hal_gpio.o
 .ARM.attributes
                0x000002e7       0x34 ./Drivers/STM32L4xx_HAL_Driver/Src/stm32l4xx_hal_i2c.o
 .ARM.attributes
                0x0000031b       0x34 ./Drivers/STM32L4xx_HAL_Driver/Src/stm32l4xx_hal_i2c_ex.o
 .ARM.attributes
                0x0000034f       0x34 ./Drivers/STM32L4xx_HAL_Driver/Src/stm32l4xx_hal_pcd.o
 .ARM.attributes
                0x00000383       0x34 ./Drivers/STM32L4xx_HAL_Driver/Src/stm32l4xx_hal_pcd_ex.o
 .ARM.attributes
                0x000003b7       0x34 ./Drivers/STM32L4xx_HAL_Driver/Src/stm32l4xx_hal_pwr.o
 .ARM.attributes
                0x000003eb       0x34 ./Drivers/STM32L4xx_HAL_Driver/Src/stm32l4xx_hal_pwr_ex.o
 .ARM.attributes
                0x0000041f       0x34 ./Drivers/STM32L4xx_HAL_Driver/Src/stm32l4xx_hal_qspi.o
 .ARM.attributes
                0x00000453       0x34 ./Drivers/STM32L4xx_HAL_Driver/Src/stm32l4xx_hal_rcc.o
 .ARM.attributes
                0x00000487       0x34 ./Drivers/STM32L4xx_HAL_Driver/Src/stm32l4xx_hal_rcc_ex.o
 .ARM.attributes
                0x000004bb       0x34 ./Drivers/STM32L4xx_HAL_Driver/Src/stm32l4xx_hal_spi.o
 .ARM.attributes
                0x000004ef       0x34 ./Drivers/STM32L4xx_HAL_Driver/Src/stm32l4xx_hal_tim.o
 .ARM.attributes
                0x00000523       0x34 ./Drivers/STM32L4xx_HAL_Driver/Src/stm32l4xx_hal_tim_ex.o
 .ARM.attributes
                0x00000557       0x34 ./Drivers/STM32L4xx_HAL_Driver/Src/stm32l4xx_hal_uart.o
 .ARM.attributes
                0x0000058b       0x34 ./Drivers/STM32L4xx_HAL_Driver/Src/stm32l4xx_ll_usb.o
 .ARM.attributes
                0x000005bf       0x34 ./Middlewares/ST/STM32_USB_Device_Library/Class/AUDIO/Src/usbd_audio.o
 .ARM.attributes
                0x000005f3       0x34 ./Middlewares/ST/STM32_USB_Device_Library/Core/Src/usbd_core.o
 .ARM.attributes
                0x00000627       0x34 ./Middlewares/ST/STM32_USB_Device_Library/Core/Src/usbd_ctlreq.o
 .ARM.attributes
                0x0000065b       0x34 ./Middlewares/ST/STM32_USB_Device_Library/Core/Src/usbd_ioreq.o
 .ARM.attributes
                0x0000068f       0x34 ./USB_DEVICE/App/usb_device.o
 .ARM.attributes
                0x000006c3       0x34 ./USB_DEVICE/App/usbd_audio_if.o
 .ARM.attributes
                0x000006f7       0x34 ./USB_DEVICE/App/usbd_desc.o
 .ARM.attributes
                0x0000072b       0x34 ./USB_DEVICE/Target/usbd_conf.o
 .ARM.attributes
                0x0000075f       0x34 /opt/st/stm32cubeide_1.17.0/plugins/com.st.stm32cube.ide.mcu.externaltools.gnu-tools-for-stm32.12.3.rel1.linux64_1.1.0.202410170702/tools/bin/../lib/gcc/arm-none-eabi/12.3.1/../../../../arm-none-eabi/lib/thumb/v7e-m+fp/hard/libc_nano.a(libc_a-memset.o)
 .ARM.attributes
                0x00000793       0x34 /opt/st/stm32cubeide_1.17.0/plugins/com.st.stm32cube.ide.mcu.externaltools.gnu-tools-for-stm32.12.3.rel1.linux64_1.1.0.202410170702/tools/bin/../lib/gcc/arm-none-eabi/12.3.1/../../../../arm-none-eabi/lib/thumb/v7e-m+fp/hard/libc_nano.a(libc_a-init.o)
 .ARM.attributes
                0x000007c7       0x22 /opt/st/stm32cubeide_1.17.0/plugins/com.st.stm32cube.ide.mcu.externaltools.gnu-tools-for-stm32.12.3.rel1.linux64_1.1.0.202410170702/tools/bin/../lib/gcc/arm-none-eabi/12.3.1/thumb/v7e-m+fp/hard/libgcc.a(_arm_addsubdf3.o)
 .ARM.attributes
                0x000007e9       0x22 /opt/st/stm32cubeide_1.17.0/plugins/com.st.stm32cube.ide.mcu.externaltools.gnu-tools-for-stm32.12.3.rel1.linux64_1.1.0.202410170702/tools/bin/../lib/gcc/arm-none-eabi/12.3.1/thumb/v7e-m+fp/hard/libgcc.a(_arm_muldivdf3.o)
 .ARM.attributes
                0x0000080b       0x22 /opt/st/stm32cubeide_1.17.0/plugins/com.st.stm32cube.ide.mcu.externaltools.gnu-tools-for-stm32.12.3.rel1.linux64_1.1.0.202410170702/tools/bin/../lib/gcc/arm-none-eabi/12.3.1/thumb/v7e-m+fp/hard/libgcc.a(_arm_truncdfsf2.o)
 .ARM.attributes
                0x0000082d       0x22 /opt/st/stm32cubeide_1.17.0/plugins/com.st.stm32cube.ide.mcu.externaltools.gnu-tools-for-stm32.12.3.rel1.linux64_1.1.0.202410170702/tools/bin/../lib/gcc/arm-none-eabi/12.3.1/thumb/v7e-m+fp/hard/libgcc.a(_aeabi_uldivmod.o)
 .ARM.attributes
                0x0000084f       0x34 /opt/st/stm32cubeide_1.17.0/plugins/com.st.stm32cube.ide.mcu.externaltools.gnu-tools-for-stm32.12.3.rel1.linux64_1.1.0.202410170702/tools/bin/../lib/gcc/arm-none-eabi/12.3.1/thumb/v7e-m+fp/hard/libgcc.a(_udivmoddi4.o)
 .ARM.attributes
                0x00000883       0x22 /opt/st/stm32cubeide_1.17.0/plugins/com.st.stm32cube.ide.mcu.externaltools.gnu-tools-for-stm32.12.3.rel1.linux64_1.1.0.202410170702/tools/bin/../lib/gcc/arm-none-eabi/12.3.1/thumb/v7e-m+fp/hard/libgcc.a(_dvmd_tls.o)
 .ARM.attributes
                0x000008a5       0x22 /opt/st/stm32cubeide_1.17.0/plugins/com.st.stm32cube.ide.mcu.externaltools.gnu-tools-for-stm32.12.3.rel1.linux64_1.1.0.202410170702/tools/bin/../lib/gcc/arm-none-eabi/12.3.1/thumb/v7e-m+fp/hard/crtn.o
OUTPUT(Practica7.elf elf32-littlearm)
LOAD linker stubs
LOAD /opt/st/stm32cubeide_1.17.0/plugins/com.st.stm32cube.ide.mcu.externaltools.gnu-tools-for-stm32.12.3.rel1.linux64_1.1.0.202410170702/tools/bin/../lib/gcc/arm-none-eabi/12.3.1/../../../../arm-none-eabi/lib/thumb/v7e-m+fp/hard/libc.a
LOAD /opt/st/stm32cubeide_1.17.0/plugins/com.st.stm32cube.ide.mcu.externaltools.gnu-tools-for-stm32.12.3.rel1.linux64_1.1.0.202410170702/tools/bin/../lib/gcc/arm-none-eabi/12.3.1/../../../../arm-none-eabi/lib/thumb/v7e-m+fp/hard/libm.a
LOAD /opt/st/stm32cubeide_1.17.0/plugins/com.st.stm32cube.ide.mcu.externaltools.gnu-tools-for-stm32.12.3.rel1.linux64_1.1.0.202410170702/tools/bin/../lib/gcc/arm-none-eabi/12.3.1/thumb/v7e-m+fp/hard/libgcc.a

.debug_info     0x00000000    0x27b55
 .debug_info    0x00000000      0x3f9 ./Core/Src/hd44780.o
 .debug_info    0x000003f9     0x2a8c ./Core/Src/main.o
 .debug_info    0x00002e85     0x26d1 ./Core/Src/stm32l4xx_hal_msp.o
 .debug_info    0x00005556      0xf85 ./Core/Src/stm32l4xx_it.o
 .debug_info    0x000064db      0x5b1 ./Core/Src/system_stm32l4xx.o
 .debug_info    0x00006a8c       0x30 ./Core/Startup/startup_stm32l475vgtx.o
 .debug_info    0x00006abc      0xae5 ./Drivers/STM32L4xx_HAL_Driver/Src/stm32l4xx_hal.o
 .debug_info    0x000075a1     0x1db8 ./Drivers/STM32L4xx_HAL_Driver/Src/stm32l4xx_hal_adc.o
 .debug_info    0x00009359     0x1b24 ./Drivers/STM32L4xx_HAL_Driver/Src/stm32l4xx_hal_adc_ex.o
 .debug_info    0x0000ae7d      0xd7b ./Drivers/STM32L4xx_HAL_Driver/Src/stm32l4xx_hal_cortex.o
 .debug_info    0x0000bbf8      0xa6f ./Drivers/STM32L4xx_HAL_Driver/Src/stm32l4xx_hal_dac.o
 .debug_info    0x0000c667     0x1a51 ./Drivers/STM32L4xx_HAL_Driver/Src/stm32l4xx_hal_dfsdm.o
 .debug_info    0x0000e0b8      0x757 ./Drivers/STM32L4xx_HAL_Driver/Src/stm32l4xx_hal_gpio.o
 .debug_info    0x0000e80f     0x20d2 ./Drivers/STM32L4xx_HAL_Driver/Src/stm32l4xx_hal_i2c.o
 .debug_info    0x000108e1      0x975 ./Drivers/STM32L4xx_HAL_Driver/Src/stm32l4xx_hal_i2c_ex.o
 .debug_info    0x00011256     0x14d6 ./Drivers/STM32L4xx_HAL_Driver/Src/stm32l4xx_hal_pcd.o
 .debug_info    0x0001272c      0x8a0 ./Drivers/STM32L4xx_HAL_Driver/Src/stm32l4xx_hal_pcd_ex.o
 .debug_info    0x00012fcc      0x91e ./Drivers/STM32L4xx_HAL_Driver/Src/stm32l4xx_hal_pwr.o
 .debug_info    0x000138ea      0x97a ./Drivers/STM32L4xx_HAL_Driver/Src/stm32l4xx_hal_pwr_ex.o
 .debug_info    0x00014264     0x115d ./Drivers/STM32L4xx_HAL_Driver/Src/stm32l4xx_hal_qspi.o
 .debug_info    0x000153c1      0xc14 ./Drivers/STM32L4xx_HAL_Driver/Src/stm32l4xx_hal_rcc.o
 .debug_info    0x00015fd5      0xe11 ./Drivers/STM32L4xx_HAL_Driver/Src/stm32l4xx_hal_rcc_ex.o
 .debug_info    0x00016de6     0x1549 ./Drivers/STM32L4xx_HAL_Driver/Src/stm32l4xx_hal_spi.o
 .debug_info    0x0001832f     0x2a9a ./Drivers/STM32L4xx_HAL_Driver/Src/stm32l4xx_hal_tim.o
 .debug_info    0x0001adc9     0x169e ./Drivers/STM32L4xx_HAL_Driver/Src/stm32l4xx_hal_tim_ex.o
 .debug_info    0x0001c467     0x3b69 ./Drivers/STM32L4xx_HAL_Driver/Src/stm32l4xx_hal_uart.o
 .debug_info    0x0001ffd0     0x1994 ./Drivers/STM32L4xx_HAL_Driver/Src/stm32l4xx_ll_usb.o
 .debug_info    0x00021964      0xe98 ./Middlewares/ST/STM32_USB_Device_Library/Class/AUDIO/Src/usbd_audio.o
 .debug_info    0x000227fc      0xe12 ./Middlewares/ST/STM32_USB_Device_Library/Core/Src/usbd_core.o
 .debug_info    0x0002360e      0xaeb ./Middlewares/ST/STM32_USB_Device_Library/Core/Src/usbd_ctlreq.o
 .debug_info    0x000240f9      0x762 ./Middlewares/ST/STM32_USB_Device_Library/Core/Src/usbd_ioreq.o
 .debug_info    0x0002485b      0x739 ./USB_DEVICE/App/usb_device.o
 .debug_info    0x00024f94      0x8f4 ./USB_DEVICE/App/usbd_audio_if.o
 .debug_info    0x00025888      0x4ba ./USB_DEVICE/App/usbd_desc.o
 .debug_info    0x00025d42     0x1e13 ./USB_DEVICE/Target/usbd_conf.o

.debug_abbrev   0x00000000     0x50c0
 .debug_abbrev  0x00000000      0x192 ./Core/Src/hd44780.o
 .debug_abbrev  0x00000192      0x2f2 ./Core/Src/main.o
 .debug_abbrev  0x00000484      0x23a ./Core/Src/stm32l4xx_hal_msp.o
 .debug_abbrev  0x000006be      0x27a ./Core/Src/stm32l4xx_it.o
 .debug_abbrev  0x00000938      0x11a ./Core/Src/system_stm32l4xx.o
 .debug_abbrev  0x00000a52       0x24 ./Core/Startup/startup_stm32l475vgtx.o
 .debug_abbrev  0x00000a76      0x242 ./Drivers/STM32L4xx_HAL_Driver/Src/stm32l4xx_hal.o
 .debug_abbrev  0x00000cb8      0x2de ./Drivers/STM32L4xx_HAL_Driver/Src/stm32l4xx_hal_adc.o
 .debug_abbrev  0x00000f96      0x2f1 ./Drivers/STM32L4xx_HAL_Driver/Src/stm32l4xx_hal_adc_ex.o
 .debug_abbrev  0x00001287      0x31c ./Drivers/STM32L4xx_HAL_Driver/Src/stm32l4xx_hal_cortex.o
 .debug_abbrev  0x000015a3      0x21b ./Drivers/STM32L4xx_HAL_Driver/Src/stm32l4xx_hal_dac.o
 .debug_abbrev  0x000017be      0x27e ./Drivers/STM32L4xx_HAL_Driver/Src/stm32l4xx_hal_dfsdm.o
 .debug_abbrev  0x00001a3c      0x1cb ./Drivers/STM32L4xx_HAL_Driver/Src/stm32l4xx_hal_gpio.o
 .debug_abbrev  0x00001c07      0x261 ./Drivers/STM32L4xx_HAL_Driver/Src/stm32l4xx_hal_i2c.o
 .debug_abbrev  0x00001e68      0x1c3 ./Drivers/STM32L4xx_HAL_Driver/Src/stm32l4xx_hal_i2c_ex.o
 .debug_abbrev  0x0000202b      0x2da ./Drivers/STM32L4xx_HAL_Driver/Src/stm32l4xx_hal_pcd.o
 .debug_abbrev  0x00002305      0x256 ./Drivers/STM32L4xx_HAL_Driver/Src/stm32l4xx_hal_pcd_ex.o
 .debug_abbrev  0x0000255b      0x1d4 ./Drivers/STM32L4xx_HAL_Driver/Src/stm32l4xx_hal_pwr.o
 .debug_abbrev  0x0000272f      0x1f9 ./Drivers/STM32L4xx_HAL_Driver/Src/stm32l4xx_hal_pwr_ex.o
 .debug_abbrev  0x00002928      0x250 ./Drivers/STM32L4xx_HAL_Driver/Src/stm32l4xx_hal_qspi.o
 .debug_abbrev  0x00002b78      0x2cb ./Drivers/STM32L4xx_HAL_Driver/Src/stm32l4xx_hal_rcc.o
 .debug_abbrev  0x00002e43      0x2a6 ./Drivers/STM32L4xx_HAL_Driver/Src/stm32l4xx_hal_rcc_ex.o
 .debug_abbrev  0x000030e9      0x260 ./Drivers/STM32L4xx_HAL_Driver/Src/stm32l4xx_hal_spi.o
 .debug_abbrev  0x00003349      0x278 ./Drivers/STM32L4xx_HAL_Driver/Src/stm32l4xx_hal_tim.o
 .debug_abbrev  0x000035c1      0x283 ./Drivers/STM32L4xx_HAL_Driver/Src/stm32l4xx_hal_tim_ex.o
 .debug_abbrev  0x00003844      0x2d0 ./Drivers/STM32L4xx_HAL_Driver/Src/stm32l4xx_hal_uart.o
 .debug_abbrev  0x00003b14      0x2b1 ./Drivers/STM32L4xx_HAL_Driver/Src/stm32l4xx_ll_usb.o
 .debug_abbrev  0x00003dc5      0x316 ./Middlewares/ST/STM32_USB_Device_Library/Class/AUDIO/Src/usbd_audio.o
 .debug_abbrev  0x000040db      0x27c ./Middlewares/ST/STM32_USB_Device_Library/Core/Src/usbd_core.o
 .debug_abbrev  0x00004357      0x26f ./Middlewares/ST/STM32_USB_Device_Library/Core/Src/usbd_ctlreq.o
 .debug_abbrev  0x000045c6      0x19a ./Middlewares/ST/STM32_USB_Device_Library/Core/Src/usbd_ioreq.o
 .debug_abbrev  0x00004760      0x1d0 ./USB_DEVICE/App/usb_device.o
 .debug_abbrev  0x00004930      0x24f ./USB_DEVICE/App/usbd_audio_if.o
 .debug_abbrev  0x00004b7f      0x1e3 ./USB_DEVICE/App/usbd_desc.o
 .debug_abbrev  0x00004d62      0x35e ./USB_DEVICE/Target/usbd_conf.o

.debug_aranges  0x00000000     0x2450
 .debug_aranges
                0x00000000       0x68 ./Core/Src/hd44780.o
 .debug_aranges
                0x00000068       0x88 ./Core/Src/main.o
 .debug_aranges
                0x000000f0       0xa0 ./Core/Src/stm32l4xx_hal_msp.o
 .debug_aranges
                0x00000190       0x80 ./Core/Src/stm32l4xx_it.o
 .debug_aranges
                0x00000210       0x28 ./Core/Src/system_stm32l4xx.o
 .debug_aranges
                0x00000238       0x28 ./Core/Startup/startup_stm32l475vgtx.o
 .debug_aranges
                0x00000260      0x130 ./Drivers/STM32L4xx_HAL_Driver/Src/stm32l4xx_hal.o
 .debug_aranges
                0x00000390      0x220 ./Drivers/STM32L4xx_HAL_Driver/Src/stm32l4xx_hal_adc.o
 .debug_aranges
                0x000005b0      0x1a8 ./Drivers/STM32L4xx_HAL_Driver/Src/stm32l4xx_hal_adc_ex.o
 .debug_aranges
                0x00000758      0x128 ./Drivers/STM32L4xx_HAL_Driver/Src/stm32l4xx_hal_cortex.o
 .debug_aranges
                0x00000880       0xc0 ./Drivers/STM32L4xx_HAL_Driver/Src/stm32l4xx_hal_dac.o
 .debug_aranges
                0x00000940      0x248 ./Drivers/STM32L4xx_HAL_Driver/Src/stm32l4xx_hal_dfsdm.o
 .debug_aranges
                0x00000b88       0x58 ./Drivers/STM32L4xx_HAL_Driver/Src/stm32l4xx_hal_gpio.o
 .debug_aranges
                0x00000be0      0x2a0 ./Drivers/STM32L4xx_HAL_Driver/Src/stm32l4xx_hal_i2c.o
 .debug_aranges
                0x00000e80       0x48 ./Drivers/STM32L4xx_HAL_Driver/Src/stm32l4xx_hal_i2c_ex.o
 .debug_aranges
                0x00000ec8      0x138 ./Drivers/STM32L4xx_HAL_Driver/Src/stm32l4xx_hal_pcd.o
 .debug_aranges
                0x00001000       0x60 ./Drivers/STM32L4xx_HAL_Driver/Src/stm32l4xx_hal_pcd_ex.o
 .debug_aranges
                0x00001060       0x98 ./Drivers/STM32L4xx_HAL_Driver/Src/stm32l4xx_hal_pwr.o
 .debug_aranges
                0x000010f8      0x150 ./Drivers/STM32L4xx_HAL_Driver/Src/stm32l4xx_hal_pwr_ex.o
 .debug_aranges
                0x00001248      0x160 ./Drivers/STM32L4xx_HAL_Driver/Src/stm32l4xx_hal_qspi.o
 .debug_aranges
                0x000013a8       0x90 ./Drivers/STM32L4xx_HAL_Driver/Src/stm32l4xx_hal_rcc.o
 .debug_aranges
                0x00001438       0xc0 ./Drivers/STM32L4xx_HAL_Driver/Src/stm32l4xx_hal_rcc_ex.o
 .debug_aranges
                0x000014f8      0x1d8 ./Drivers/STM32L4xx_HAL_Driver/Src/stm32l4xx_hal_spi.o
 .debug_aranges
                0x000016d0      0x3e0 ./Drivers/STM32L4xx_HAL_Driver/Src/stm32l4xx_hal_tim.o
 .debug_aranges
                0x00001ab0      0x180 ./Drivers/STM32L4xx_HAL_Driver/Src/stm32l4xx_hal_tim_ex.o
 .debug_aranges
                0x00001c30      0x228 ./Drivers/STM32L4xx_HAL_Driver/Src/stm32l4xx_hal_uart.o
 .debug_aranges
                0x00001e58      0x1a0 ./Drivers/STM32L4xx_HAL_Driver/Src/stm32l4xx_ll_usb.o
 .debug_aranges
                0x00001ff8       0xa0 ./Middlewares/ST/STM32_USB_Device_Library/Class/AUDIO/Src/usbd_audio.o
 .debug_aranges
                0x00002098       0xd8 ./Middlewares/ST/STM32_USB_Device_Library/Core/Src/usbd_core.o
 .debug_aranges
                0x00002170       0x90 ./Middlewares/ST/STM32_USB_Device_Library/Core/Src/usbd_ctlreq.o
 .debug_aranges
                0x00002200       0x50 ./Middlewares/ST/STM32_USB_Device_Library/Core/Src/usbd_ioreq.o
 .debug_aranges
                0x00002250       0x20 ./USB_DEVICE/App/usb_device.o
 .debug_aranges
                0x00002270       0x60 ./USB_DEVICE/App/usbd_audio_if.o
 .debug_aranges
                0x000022d0       0x68 ./USB_DEVICE/App/usbd_desc.o
 .debug_aranges
                0x00002338      0x118 ./USB_DEVICE/Target/usbd_conf.o

.debug_rnglists
                0x00000000     0x1c3b
 .debug_rnglists
                0x00000000       0x4e ./Core/Src/hd44780.o
 .debug_rnglists
                0x0000004e       0x65 ./Core/Src/main.o
 .debug_rnglists
                0x000000b3       0x79 ./Core/Src/stm32l4xx_hal_msp.o
 .debug_rnglists
                0x0000012c       0x5c ./Core/Src/stm32l4xx_it.o
 .debug_rnglists
                0x00000188       0x1a ./Core/Src/system_stm32l4xx.o
 .debug_rnglists
                0x000001a2       0x19 ./Core/Startup/startup_stm32l475vgtx.o
 .debug_rnglists
                0x000001bb       0xdf ./Drivers/STM32L4xx_HAL_Driver/Src/stm32l4xx_hal.o
 .debug_rnglists
                0x0000029a      0x1b1 ./Drivers/STM32L4xx_HAL_Driver/Src/stm32l4xx_hal_adc.o
 .debug_rnglists
                0x0000044b      0x148 ./Drivers/STM32L4xx_HAL_Driver/Src/stm32l4xx_hal_adc_ex.o
 .debug_rnglists
                0x00000593       0xda ./Drivers/STM32L4xx_HAL_Driver/Src/stm32l4xx_hal_cortex.o
 .debug_rnglists
                0x0000066d       0x90 ./Drivers/STM32L4xx_HAL_Driver/Src/stm32l4xx_hal_dac.o
 .debug_rnglists
                0x000006fd      0x1c7 ./Drivers/STM32L4xx_HAL_Driver/Src/stm32l4xx_hal_dfsdm.o
 .debug_rnglists
                0x000008c4       0x3f ./Drivers/STM32L4xx_HAL_Driver/Src/stm32l4xx_hal_gpio.o
 .debug_rnglists
                0x00000903      0x228 ./Drivers/STM32L4xx_HAL_Driver/Src/stm32l4xx_hal_i2c.o
 .debug_rnglists
                0x00000b2b       0x35 ./Drivers/STM32L4xx_HAL_Driver/Src/stm32l4xx_hal_i2c_ex.o
 .debug_rnglists
                0x00000b60       0xed ./Drivers/STM32L4xx_HAL_Driver/Src/stm32l4xx_hal_pcd.o
 .debug_rnglists
                0x00000c4d       0x45 ./Drivers/STM32L4xx_HAL_Driver/Src/stm32l4xx_hal_pcd_ex.o
 .debug_rnglists
                0x00000c92       0x6e ./Drivers/STM32L4xx_HAL_Driver/Src/stm32l4xx_hal_pwr.o
 .debug_rnglists
                0x00000d00       0xfd ./Drivers/STM32L4xx_HAL_Driver/Src/stm32l4xx_hal_pwr_ex.o
 .debug_rnglists
                0x00000dfd      0x113 ./Drivers/STM32L4xx_HAL_Driver/Src/stm32l4xx_hal_qspi.o
 .debug_rnglists
                0x00000f10       0x6d ./Drivers/STM32L4xx_HAL_Driver/Src/stm32l4xx_hal_rcc.o
 .debug_rnglists