../Drivers/CMSIS/Include/core_cm4.h:1667:26:__NVIC_GetPriorityGrouping	4	static
../Drivers/CMSIS/Include/core_cm4.h:1679:22:__NVIC_EnableIRQ	16	static,ignoring_inline_asm
../Drivers/CMSIS/Include/core_cm4.h:1809:22:__NVIC_SetPriority	16	static
../Drivers/CMSIS/Include/core_cm4.h:1856:26:NVIC_EncodePriority	40	static
../Drivers/STM32L4xx_HAL_Driver/Inc/stm32l4xx_ll_system.h:775:22:LL_SYSCFG_SetEXTISource	32	static,ignoring_inline_asm
../Drivers/STM32L4xx_HAL_Driver/Inc/stm32l4xx_ll_gpio.h:285:22:LL_GPIO_SetPinMode	48	static,ignoring_inline_asm
../Drivers/STM32L4xx_HAL_Driver/Inc/stm32l4xx_ll_gpio.h:496:22:LL_GPIO_SetPinPull	48	static,ignoring_inline_asm
../Drivers/STM32L4xx_HAL_Driver/Inc/stm32l4xx_ll_gpio.h:717:22:LL_GPIO_EnablePinAnalogControl	16	static
../Drivers/STM32L4xx_HAL_Driver/Inc/stm32l4xx_ll_gpio.h:887:22:LL_GPIO_WriteOutputPort	16	static
../Drivers/STM32L4xx_HAL_Driver/Inc/stm32l4xx_ll_gpio.h:956:22:LL_GPIO_SetOutputPin	16	static
../Drivers/STM32L4xx_HAL_Driver/Inc/stm32l4xx_ll_gpio.h:985:22:LL_GPIO_ResetOutputPin	16	static
../Drivers/STM32L4xx_HAL_Driver/Inc/stm32l4xx_ll_bus.h:563:22:LL_AHB2_GRP1_EnableClock	24	static
../Core/Src/main.c:126:6:snake_down2	16	static
../Core/Src/main.c:83:5:main	16	static
../Core/Src/main.c:139:6:snake_up2	16	static
../Core/Src/main.c:267:6:SystemClock_Config	96	static
../Core/Src/main.c:328:13:MX_DFSDM1_Init	8	static
../Core/Src/main.c:366:13:MX_I2C2_Init	8	static
../Core/Src/main.c:414:13:MX_QUADSPI_Init	8	static
../Core/Src/main.c:447:13:MX_SPI3_Init	8	static
../Core/Src/main.c:487:13:MX_USART1_UART_Init	8	static
../Core/Src/main.c:522:13:MX_USART3_UART_Init	8	static
../Core/Src/main.c:557:13:MX_USB_OTG_FS_PCD_Init	8	static
../Core/Src/main.c:592:13:MX_GPIO_Init	48	static
../Core/Src/main.c:969:6:Error_Handler	4	static,ignoring_inline_asm
