../Core/Src/main.c:81:5:main	56	static
../Core/Src/main.c:272:6:SystemClock_Config	96	static
../Core/Src/main.c:323:13:MX_I2C2_Init	8	static
../Core/Src/main.c:371:13:MX_USART1_UART_Init	8	static
../Core/Src/main.c:406:13:MX_GPIO_Init	40	static
../Core/Src/main.c:441:5:__io_putchar	24	static
../Core/Src/main.c:449:6:HAL_UART_RxCpltCallback	16	static
../Core/Src/main.c:471:6:maximos	24	static
../Core/Src/main.c:483:6:minimos	24	static
../Core/Src/main.c:495:6:resetVG	24	static
../Core/Src/main.c:509:6:Error_Handler	4	static,ignoring_inline_asm
