../Core/Src/main.c:81:5:main	88	static
../Core/Src/main.c:267:6:SystemClock_Config	96	static
../Core/Src/main.c:318:13:MX_I2C2_Init	8	static
../Core/Src/main.c:366:13:MX_USART1_UART_Init	8	static
../Core/Src/main.c:401:13:MX_GPIO_Init	40	static
../Core/Src/main.c:436:5:__io_putchar	24	static
../Core/Src/main.c:444:6:HAL_UART_RxCpltCallback	16	static
../Core/Src/main.c:466:6:maximos	24	static
../Core/Src/main.c:478:6:minimos	24	static
../Core/Src/main.c:490:6:resetVG	24	static
../Core/Src/main.c:504:6:Error_Handler	4	static,ignoring_inline_asm
