../Core/Src/main.c:88:6:fill_buffer	3
../Core/Src/main.c:102:5:main	3
../Core/Src/main.c:206:6:SystemClock_Config	4
../Core/Src/main.c:267:13:MX_DFSDM1_Init	2
../Core/Src/main.c:305:13:MX_I2C2_Init	4
../Core/Src/main.c:353:13:MX_QUADSPI_Init	2
../Core/Src/main.c:386:13:MX_SPI3_Init	2
../Core/Src/main.c:426:13:MX_TIM2_Init	4
../Core/Src/main.c:475:13:MX_USART1_UART_Init	2
../Core/Src/main.c:510:13:MX_USART3_UART_Init	2
../Core/Src/main.c:545:13:MX_USB_OTG_FS_PCD_Init	2
../Core/Src/main.c:578:13:MX_DMA_Init	1
../Core/Src/main.c:596:13:MX_GPIO_Init	1
../Core/Src/main.c:775:5:__io_putchar	1
../Core/Src/main.c:788:6:Error_Handler	1
