../Core/Src/main.c:88:6:fill_buffer	24	static
../Core/Src/main.c:102:5:main	16	static
../Core/Src/main.c:206:6:SystemClock_Config	96	static
../Core/Src/main.c:267:13:MX_DFSDM1_Init	8	static
../Core/Src/main.c:305:13:MX_I2C2_Init	8	static
../Core/Src/main.c:353:13:MX_QUADSPI_Init	8	static
../Core/Src/main.c:386:13:MX_SPI3_Init	8	static
../Core/Src/main.c:426:13:MX_TIM2_Init	48	static
../Core/Src/main.c:475:13:MX_USART1_UART_Init	8	static
../Core/Src/main.c:510:13:MX_USART3_UART_Init	8	static
../Core/Src/main.c:545:13:MX_USB_OTG_FS_PCD_Init	8	static
../Core/Src/main.c:578:13:MX_DMA_Init	16	static
../Core/Src/main.c:596:13:MX_GPIO_Init	48	static
../Core/Src/main.c:775:5:__io_putchar	24	static
../Core/Src/main.c:788:6:Error_Handler	4	static,ignoring_inline_asm
